make: Entering directory '/c/ag-sqlite-e138-01/build-06/ext/misc'
/c/ag-sqlite-e138-01/compiler/bin/gcc.exe -shared -I/c/ag-sqlite-e138-01/build-06 -I/c/ag-sqlite-e138-01/prepared/source/src -I/c/ag-sqlite-e138-01/zlib/usr/include -pedantic -o msys-sqlite3amatch-0.dll /c/ag-sqlite-e138-01/prepared/source/ext/misc/amatch.c -Wl,--no-undefined -L/c/ag-sqlite-e138-01/build-06 -lsqlite3 -L/c/ag-sqlite-e138-01/zlib/usr/lib -lz
/c/ag-sqlite-e138-01/compiler/bin/gcc.exe -shared -I/c/ag-sqlite-e138-01/build-06 -I/c/ag-sqlite-e138-01/prepared/source/src -I/c/ag-sqlite-e138-01/zlib/usr/include -pedantic -o msys-sqlite3anycollseq-0.dll /c/ag-sqlite-e138-01/prepared/source/ext/misc/anycollseq.c -Wl,--no-undefined -L/c/ag-sqlite-e138-01/build-06 -lsqlite3 -L/c/ag-sqlite-e138-01/zlib/usr/lib -lz
/c/ag-sqlite-e138-01/compiler/bin/gcc.exe -shared -I/c/ag-sqlite-e138-01/build-06 -I/c/ag-sqlite-e138-01/prepared/source/src -I/c/ag-sqlite-e138-01/zlib/usr/include -pedantic -o msys-sqlite3appendvfs-0.dll /c/ag-sqlite-e138-01/prepared/source/ext/misc/appendvfs.c -Wl,--no-undefined -L/c/ag-sqlite-e138-01/build-06 -lsqlite3 -L/c/ag-sqlite-e138-01/zlib/usr/lib -lz
/c/ag-sqlite-e138-01/compiler/bin/gcc.exe -shared -I/c/ag-sqlite-e138-01/build-06 -I/c/ag-sqlite-e138-01/prepared/source/src -I/c/ag-sqlite-e138-01/zlib/usr/include -pedantic -o msys-sqlite3base64-0.dll /c/ag-sqlite-e138-01/prepared/source/ext/misc/base64.c -Wl,--no-undefined -L/c/ag-sqlite-e138-01/build-06 -lsqlite3 -L/c/ag-sqlite-e138-01/zlib/usr/lib -lz
C:/ag-sqlite-e138-01/prepared/source/ext/misc/base64.c:67:23: warning: ISO C does not allow extra ';' outside of a function [-Wpedantic]
   67 | SQLITE_EXTENSION_INIT1;
      |                       ^
/c/ag-sqlite-e138-01/compiler/bin/gcc.exe -shared -I/c/ag-sqlite-e138-01/build-06 -I/c/ag-sqlite-e138-01/prepared/source/src -I/c/ag-sqlite-e138-01/zlib/usr/include -pedantic -o msys-sqlite3base85-0.dll /c/ag-sqlite-e138-01/prepared/source/ext/misc/base85.c -Wl,--no-undefined -L/c/ag-sqlite-e138-01/build-06 -lsqlite3 -L/c/ag-sqlite-e138-01/zlib/usr/lib -lz
C:/ag-sqlite-e138-01/prepared/source/ext/misc/base85.c:90:23: warning: ISO C does not allow extra ';' outside of a function [-Wpedantic]
   90 | SQLITE_EXTENSION_INIT1;
      |                       ^
/c/ag-sqlite-e138-01/compiler/bin/gcc.exe -shared -I/c/ag-sqlite-e138-01/build-06 -I/c/ag-sqlite-e138-01/prepared/source/src -I/c/ag-sqlite-e138-01/zlib/usr/include -pedantic -o msys-sqlite3basexx-0.dll /c/ag-sqlite-e138-01/prepared/source/ext/misc/basexx.c -Wl,--no-undefined -L/c/ag-sqlite-e138-01/build-06 -lsqlite3 -L/c/ag-sqlite-e138-01/zlib/usr/lib -lz
C:/ag-sqlite-e138-01/prepared/source/ext/misc/basexx.c:40:23: warning: ISO C does not allow extra ';' outside of a function [-Wpedantic]
   40 | SQLITE_EXTENSION_INIT1;
      |                       ^
In file included from C:/ag-sqlite-e138-01/prepared/source/ext/misc/basexx.c:61:
C:/ag-sqlite-e138-01/prepared/source/ext/misc/base64.c:67:23: warning: ISO C does not allow extra ';' outside of a function [-Wpedantic]
   67 | SQLITE_EXTENSION_INIT1;
      |                       ^
In file included from C:/ag-sqlite-e138-01/prepared/source/ext/misc/basexx.c:65:
C:/ag-sqlite-e138-01/prepared/source/ext/misc/base85.c:90:23: warning: ISO C does not allow extra ';' outside of a function [-Wpedantic]
   90 | SQLITE_EXTENSION_INIT1;
      |                       ^
/c/ag-sqlite-e138-01/compiler/bin/gcc.exe -shared -I/c/ag-sqlite-e138-01/build-06 -I/c/ag-sqlite-e138-01/prepared/source/src -I/c/ag-sqlite-e138-01/zlib/usr/include -pedantic -o msys-sqlite3blobio-0.dll /c/ag-sqlite-e138-01/prepared/source/ext/misc/blobio.c -Wl,--no-undefined -L/c/ag-sqlite-e138-01/build-06 -lsqlite3 -L/c/ag-sqlite-e138-01/zlib/usr/lib -lz
/c/ag-sqlite-e138-01/compiler/bin/gcc.exe -shared -I/c/ag-sqlite-e138-01/build-06 -I/c/ag-sqlite-e138-01/prepared/source/src -I/c/ag-sqlite-e138-01/zlib/usr/include -pedantic -o msys-sqlite3btreeinfo-0.dll /c/ag-sqlite-e138-01/prepared/source/ext/misc/btreeinfo.c -Wl,--no-undefined -L/c/ag-sqlite-e138-01/build-06 -lsqlite3 -L/c/ag-sqlite-e138-01/zlib/usr/lib -lz
/c/ag-sqlite-e138-01/compiler/bin/gcc.exe -shared -I/c/ag-sqlite-e138-01/build-06 -I/c/ag-sqlite-e138-01/prepared/source/src -I/c/ag-sqlite-e138-01/zlib/usr/include -pedantic -o msys-sqlite3cksumvfs-0.dll /c/ag-sqlite-e138-01/prepared/source/ext/misc/cksumvfs.c -Wl,--no-undefined -L/c/ag-sqlite-e138-01/build-06 -lsqlite3 -L/c/ag-sqlite-e138-01/zlib/usr/lib -lz
/c/ag-sqlite-e138-01/compiler/bin/gcc.exe -shared -I/c/ag-sqlite-e138-01/build-06 -I/c/ag-sqlite-e138-01/prepared/source/src -I/c/ag-sqlite-e138-01/zlib/usr/include -pedantic -o msys-sqlite3closure-0.dll /c/ag-sqlite-e138-01/prepared/source/ext/misc/closure.c -Wl,--no-undefined -L/c/ag-sqlite-e138-01/build-06 -lsqlite3 -L/c/ag-sqlite-e138-01/zlib/usr/lib -lz
/c/ag-sqlite-e138-01/compiler/bin/gcc.exe -shared -I/c/ag-sqlite-e138-01/build-06 -I/c/ag-sqlite-e138-01/prepared/source/src -I/c/ag-sqlite-e138-01/zlib/usr/include -pedantic -o msys-sqlite3completion-0.dll /c/ag-sqlite-e138-01/prepared/source/ext/misc/completion.c -Wl,--no-undefined -L/c/ag-sqlite-e138-01/build-06 -lsqlite3 -L/c/ag-sqlite-e138-01/zlib/usr/lib -lz
/c/ag-sqlite-e138-01/compiler/bin/gcc.exe -shared -I/c/ag-sqlite-e138-01/build-06 -I/c/ag-sqlite-e138-01/prepared/source/src -I/c/ag-sqlite-e138-01/zlib/usr/include -pedantic -o msys-sqlite3compress-0.dll /c/ag-sqlite-e138-01/prepared/source/ext/misc/compress.c -Wl,--no-undefined -L/c/ag-sqlite-e138-01/build-06 -lsqlite3 -L/c/ag-sqlite-e138-01/zlib/usr/lib -lz
/c/ag-sqlite-e138-01/compiler/bin/gcc.exe -shared -I/c/ag-sqlite-e138-01/build-06 -I/c/ag-sqlite-e138-01/prepared/source/src -I/c/ag-sqlite-e138-01/zlib/usr/include -pedantic -o msys-sqlite3csv-0.dll /c/ag-sqlite-e138-01/prepared/source/ext/misc/csv.c -Wl,--no-undefined -L/c/ag-sqlite-e138-01/build-06 -lsqlite3 -L/c/ag-sqlite-e138-01/zlib/usr/lib -lz
/c/ag-sqlite-e138-01/compiler/bin/gcc.exe -shared -I/c/ag-sqlite-e138-01/build-06 -I/c/ag-sqlite-e138-01/prepared/source/src -I/c/ag-sqlite-e138-01/zlib/usr/include -pedantic -o msys-sqlite3dbdump-0.dll /c/ag-sqlite-e138-01/prepared/source/ext/misc/dbdump.c -Wl,--no-undefined -L/c/ag-sqlite-e138-01/build-06 -lsqlite3 -L/c/ag-sqlite-e138-01/zlib/usr/lib -lz
/c/ag-sqlite-e138-01/compiler/bin/gcc.exe -shared -I/c/ag-sqlite-e138-01/build-06 -I/c/ag-sqlite-e138-01/prepared/source/src -I/c/ag-sqlite-e138-01/zlib/usr/include -pedantic -o msys-sqlite3decimal-0.dll /c/ag-sqlite-e138-01/prepared/source/ext/misc/decimal.c -Wl,--no-undefined -L/c/ag-sqlite-e138-01/build-06 -lsqlite3 -L/c/ag-sqlite-e138-01/zlib/usr/lib -lz
/c/ag-sqlite-e138-01/compiler/bin/gcc.exe -shared -I/c/ag-sqlite-e138-01/build-06 -I/c/ag-sqlite-e138-01/prepared/source/src -I/c/ag-sqlite-e138-01/zlib/usr/include -pedantic -o msys-sqlite3eval-0.dll /c/ag-sqlite-e138-01/prepared/source/ext/misc/eval.c -Wl,--no-undefined -L/c/ag-sqlite-e138-01/build-06 -lsqlite3 -L/c/ag-sqlite-e138-01/zlib/usr/lib -lz
/c/ag-sqlite-e138-01/compiler/bin/gcc.exe -shared -I/c/ag-sqlite-e138-01/build-06 -I/c/ag-sqlite-e138-01/prepared/source/src -I/c/ag-sqlite-e138-01/zlib/usr/include -pedantic -o msys-sqlite3explain-0.dll /c/ag-sqlite-e138-01/prepared/source/ext/misc/explain.c -Wl,--no-undefined -L/c/ag-sqlite-e138-01/build-06 -lsqlite3 -L/c/ag-sqlite-e138-01/zlib/usr/lib -lz
/c/ag-sqlite-e138-01/compiler/bin/gcc.exe -shared -I/c/ag-sqlite-e138-01/build-06 -I/c/ag-sqlite-e138-01/prepared/source/src -I/c/ag-sqlite-e138-01/zlib/usr/include -pedantic -o msys-sqlite3fileio-0.dll /c/ag-sqlite-e138-01/prepared/source/ext/misc/fileio.c -Wl,--no-undefined -L/c/ag-sqlite-e138-01/build-06 -lsqlite3 -L/c/ag-sqlite-e138-01/zlib/usr/lib -lz
/c/ag-sqlite-e138-01/compiler/bin/gcc.exe -shared -I/c/ag-sqlite-e138-01/build-06 -I/c/ag-sqlite-e138-01/prepared/source/src -I/c/ag-sqlite-e138-01/zlib/usr/include -pedantic -o msys-sqlite3fossildelta-0.dll /c/ag-sqlite-e138-01/prepared/source/ext/misc/fossildelta.c -Wl,--no-undefined -L/c/ag-sqlite-e138-01/build-06 -lsqlite3 -L/c/ag-sqlite-e138-01/zlib/usr/lib -lz
/c/ag-sqlite-e138-01/compiler/bin/gcc.exe -shared -I/c/ag-sqlite-e138-01/build-06 -I/c/ag-sqlite-e138-01/prepared/source/src -I/c/ag-sqlite-e138-01/zlib/usr/include -pedantic -o msys-sqlite3fuzzer-0.dll /c/ag-sqlite-e138-01/prepared/source/ext/misc/fuzzer.c -Wl,--no-undefined -L/c/ag-sqlite-e138-01/build-06 -lsqlite3 -L/c/ag-sqlite-e138-01/zlib/usr/lib -lz
/c/ag-sqlite-e138-01/compiler/bin/gcc.exe -shared -I/c/ag-sqlite-e138-01/build-06 -I/c/ag-sqlite-e138-01/prepared/source/src -I/c/ag-sqlite-e138-01/zlib/usr/include -pedantic -o msys-sqlite3ieee754-0.dll /c/ag-sqlite-e138-01/prepared/source/ext/misc/ieee754.c -Wl,--no-undefined -L/c/ag-sqlite-e138-01/build-06 -lsqlite3 -L/c/ag-sqlite-e138-01/zlib/usr/lib -lz
/c/ag-sqlite-e138-01/compiler/bin/gcc.exe -shared -I/c/ag-sqlite-e138-01/build-06 -I/c/ag-sqlite-e138-01/prepared/source/src -I/c/ag-sqlite-e138-01/zlib/usr/include -pedantic -o msys-sqlite3memstat-0.dll /c/ag-sqlite-e138-01/prepared/source/ext/misc/memstat.c -Wl,--no-undefined -L/c/ag-sqlite-e138-01/build-06 -lsqlite3 -L/c/ag-sqlite-e138-01/zlib/usr/lib -lz
/c/ag-sqlite-e138-01/compiler/bin/gcc.exe -shared -I/c/ag-sqlite-e138-01/build-06 -I/c/ag-sqlite-e138-01/prepared/source/src -I/c/ag-sqlite-e138-01/zlib/usr/include -pedantic -o msys-sqlite3mmapwarm-0.dll /c/ag-sqlite-e138-01/prepared/source/ext/misc/mmapwarm.c -Wl,--no-undefined -L/c/ag-sqlite-e138-01/build-06 -lsqlite3 -L/c/ag-sqlite-e138-01/zlib/usr/lib -lz
/c/ag-sqlite-e138-01/compiler/bin/gcc.exe -shared -I/c/ag-sqlite-e138-01/build-06 -I/c/ag-sqlite-e138-01/prepared/source/src -I/c/ag-sqlite-e138-01/zlib/usr/include -pedantic -o msys-sqlite3nextchar-0.dll /c/ag-sqlite-e138-01/prepared/source/ext/misc/nextchar.c -Wl,--no-undefined -L/c/ag-sqlite-e138-01/build-06 -lsqlite3 -L/c/ag-sqlite-e138-01/zlib/usr/lib -lz
/c/ag-sqlite-e138-01/compiler/bin/gcc.exe -shared -I/c/ag-sqlite-e138-01/build-06 -I/c/ag-sqlite-e138-01/prepared/source/src -I/c/ag-sqlite-e138-01/zlib/usr/include -pedantic -o msys-sqlite3noop-0.dll /c/ag-sqlite-e138-01/prepared/source/ext/misc/noop.c -Wl,--no-undefined -L/c/ag-sqlite-e138-01/build-06 -lsqlite3 -L/c/ag-sqlite-e138-01/zlib/usr/lib -lz
/c/ag-sqlite-e138-01/compiler/bin/gcc.exe -shared -I/c/ag-sqlite-e138-01/build-06 -I/c/ag-sqlite-e138-01/prepared/source/src -I/c/ag-sqlite-e138-01/zlib/usr/include -pedantic -o msys-sqlite3normalize-0.dll /c/ag-sqlite-e138-01/prepared/source/ext/misc/normalize.c -Wl,--no-undefined -L/c/ag-sqlite-e138-01/build-06 -lsqlite3 -L/c/ag-sqlite-e138-01/zlib/usr/lib -lz
/c/ag-sqlite-e138-01/compiler/bin/gcc.exe -shared -I/c/ag-sqlite-e138-01/build-06 -I/c/ag-sqlite-e138-01/prepared/source/src -I/c/ag-sqlite-e138-01/zlib/usr/include -pedantic -o msys-sqlite3pcachetrace-0.dll /c/ag-sqlite-e138-01/prepared/source/ext/misc/pcachetrace.c -Wl,--no-undefined -L/c/ag-sqlite-e138-01/build-06 -lsqlite3 -L/c/ag-sqlite-e138-01/zlib/usr/lib -lz
/c/ag-sqlite-e138-01/compiler/bin/gcc.exe -shared -I/c/ag-sqlite-e138-01/build-06 -I/c/ag-sqlite-e138-01/prepared/source/src -I/c/ag-sqlite-e138-01/zlib/usr/include -pedantic -o msys-sqlite3percentile-0.dll /c/ag-sqlite-e138-01/prepared/source/ext/misc/percentile.c -Wl,--no-undefined -L/c/ag-sqlite-e138-01/build-06 -lsqlite3 -L/c/ag-sqlite-e138-01/zlib/usr/lib -lz
/c/ag-sqlite-e138-01/compiler/bin/gcc.exe -shared -I/c/ag-sqlite-e138-01/build-06 -I/c/ag-sqlite-e138-01/prepared/source/src -I/c/ag-sqlite-e138-01/zlib/usr/include -pedantic -o msys-sqlite3prefixes-0.dll /c/ag-sqlite-e138-01/prepared/source/ext/misc/prefixes.c -Wl,--no-undefined -L/c/ag-sqlite-e138-01/build-06 -lsqlite3 -L/c/ag-sqlite-e138-01/zlib/usr/lib -lz
/c/ag-sqlite-e138-01/compiler/bin/gcc.exe -shared -I/c/ag-sqlite-e138-01/build-06 -I/c/ag-sqlite-e138-01/prepared/source/src -I/c/ag-sqlite-e138-01/zlib/usr/include -pedantic -o msys-sqlite3qpvtab-0.dll /c/ag-sqlite-e138-01/prepared/source/ext/misc/qpvtab.c -Wl,--no-undefined -L/c/ag-sqlite-e138-01/build-06 -lsqlite3 -L/c/ag-sqlite-e138-01/zlib/usr/lib -lz
/c/ag-sqlite-e138-01/compiler/bin/gcc.exe -shared -I/c/ag-sqlite-e138-01/build-06 -I/c/ag-sqlite-e138-01/prepared/source/src -I/c/ag-sqlite-e138-01/zlib/usr/include -pedantic -o msys-sqlite3randomjson-0.dll /c/ag-sqlite-e138-01/prepared/source/ext/misc/randomjson.c -Wl,--no-undefined -L/c/ag-sqlite-e138-01/build-06 -lsqlite3 -L/c/ag-sqlite-e138-01/zlib/usr/lib -lz
/c/ag-sqlite-e138-01/compiler/bin/gcc.exe -shared -I/c/ag-sqlite-e138-01/build-06 -I/c/ag-sqlite-e138-01/prepared/source/src -I/c/ag-sqlite-e138-01/zlib/usr/include -pedantic -o msys-sqlite3remember-0.dll /c/ag-sqlite-e138-01/prepared/source/ext/misc/remember.c -Wl,--no-undefined -L/c/ag-sqlite-e138-01/build-06 -lsqlite3 -L/c/ag-sqlite-e138-01/zlib/usr/lib -lz
/c/ag-sqlite-e138-01/compiler/bin/gcc.exe -shared -I/c/ag-sqlite-e138-01/build-06 -I/c/ag-sqlite-e138-01/prepared/source/src -I/c/ag-sqlite-e138-01/zlib/usr/include -pedantic -o msys-sqlite3rot13-0.dll /c/ag-sqlite-e138-01/prepared/source/ext/misc/rot13.c -Wl,--no-undefined -L/c/ag-sqlite-e138-01/build-06 -lsqlite3 -L/c/ag-sqlite-e138-01/zlib/usr/lib -lz
/c/ag-sqlite-e138-01/compiler/bin/gcc.exe -shared -I/c/ag-sqlite-e138-01/build-06 -I/c/ag-sqlite-e138-01/prepared/source/src -I/c/ag-sqlite-e138-01/zlib/usr/include -pedantic -o msys-sqlite3series-0.dll /c/ag-sqlite-e138-01/prepared/source/ext/misc/series.c -Wl,--no-undefined -L/c/ag-sqlite-e138-01/build-06 -lsqlite3 -L/c/ag-sqlite-e138-01/zlib/usr/lib -lz
/c/ag-sqlite-e138-01/compiler/bin/gcc.exe -shared -I/c/ag-sqlite-e138-01/build-06 -I/c/ag-sqlite-e138-01/prepared/source/src -I/c/ag-sqlite-e138-01/zlib/usr/include -pedantic -o msys-sqlite3sha1-0.dll /c/ag-sqlite-e138-01/prepared/source/ext/misc/sha1.c -Wl,--no-undefined -L/c/ag-sqlite-e138-01/build-06 -lsqlite3 -L/c/ag-sqlite-e138-01/zlib/usr/lib -lz
/c/ag-sqlite-e138-01/compiler/bin/gcc.exe -shared -I/c/ag-sqlite-e138-01/build-06 -I/c/ag-sqlite-e138-01/prepared/source/src -I/c/ag-sqlite-e138-01/zlib/usr/include -pedantic -o msys-sqlite3shathree-0.dll /c/ag-sqlite-e138-01/prepared/source/ext/misc/shathree.c -Wl,--no-undefined -L/c/ag-sqlite-e138-01/build-06 -lsqlite3 -L/c/ag-sqlite-e138-01/zlib/usr/lib -lz
/c/ag-sqlite-e138-01/compiler/bin/gcc.exe -shared -I/c/ag-sqlite-e138-01/build-06 -I/c/ag-sqlite-e138-01/prepared/source/src -I/c/ag-sqlite-e138-01/zlib/usr/include -pedantic -o msys-sqlite3showauth-0.dll /c/ag-sqlite-e138-01/prepared/source/ext/misc/showauth.c -Wl,--no-undefined -L/c/ag-sqlite-e138-01/build-06 -lsqlite3 -L/c/ag-sqlite-e138-01/zlib/usr/lib -lz
/c/ag-sqlite-e138-01/compiler/bin/gcc.exe -shared -I/c/ag-sqlite-e138-01/build-06 -I/c/ag-sqlite-e138-01/prepared/source/src -I/c/ag-sqlite-e138-01/zlib/usr/include -pedantic -o msys-sqlite3spellfix-0.dll /c/ag-sqlite-e138-01/prepared/source/ext/misc/spellfix.c -Wl,--no-undefined -L/c/ag-sqlite-e138-01/build-06 -lsqlite3 -L/c/ag-sqlite-e138-01/zlib/usr/lib -lz
/c/ag-sqlite-e138-01/compiler/bin/gcc.exe -shared -I/c/ag-sqlite-e138-01/build-06 -I/c/ag-sqlite-e138-01/prepared/source/src -I/c/ag-sqlite-e138-01/zlib/usr/include -pedantic -o msys-sqlite3sqlar-0.dll /c/ag-sqlite-e138-01/prepared/source/ext/misc/sqlar.c -Wl,--no-undefined -L/c/ag-sqlite-e138-01/build-06 -lsqlite3 -L/c/ag-sqlite-e138-01/zlib/usr/lib -lz
/c/ag-sqlite-e138-01/compiler/bin/gcc.exe -shared -I/c/ag-sqlite-e138-01/build-06 -I/c/ag-sqlite-e138-01/prepared/source/src -I/c/ag-sqlite-e138-01/zlib/usr/include -pedantic -o msys-sqlite3sqlite3_stdio-0.dll /c/ag-sqlite-e138-01/prepared/source/ext/misc/sqlite3_stdio.c -Wl,--no-undefined -L/c/ag-sqlite-e138-01/build-06 -lsqlite3 -L/c/ag-sqlite-e138-01/zlib/usr/lib -lz
C:/ag-sqlite-e138-01/prepared/source/ext/misc/sqlite3_stdio.c:323: warning: ISO C forbids an empty translation unit [-Wpedantic]
/c/ag-sqlite-e138-01/compiler/bin/gcc.exe -shared -I/c/ag-sqlite-e138-01/build-06 -I/c/ag-sqlite-e138-01/prepared/source/src -I/c/ag-sqlite-e138-01/zlib/usr/include -pedantic -o msys-sqlite3stmt-0.dll /c/ag-sqlite-e138-01/prepared/source/ext/misc/stmt.c -Wl,--no-undefined -L/c/ag-sqlite-e138-01/build-06 -lsqlite3 -L/c/ag-sqlite-e138-01/zlib/usr/lib -lz
/c/ag-sqlite-e138-01/compiler/bin/gcc.exe -shared -I/c/ag-sqlite-e138-01/build-06 -I/c/ag-sqlite-e138-01/prepared/source/src -I/c/ag-sqlite-e138-01/zlib/usr/include -pedantic -o msys-sqlite3stmtrand-0.dll /c/ag-sqlite-e138-01/prepared/source/ext/misc/stmtrand.c -Wl,--no-undefined -L/c/ag-sqlite-e138-01/build-06 -lsqlite3 -L/c/ag-sqlite-e138-01/zlib/usr/lib -lz
/c/ag-sqlite-e138-01/compiler/bin/gcc.exe -shared -I/c/ag-sqlite-e138-01/build-06 -I/c/ag-sqlite-e138-01/prepared/source/src -I/c/ag-sqlite-e138-01/zlib/usr/include -pedantic -o msys-sqlite3templatevtab-0.dll /c/ag-sqlite-e138-01/prepared/source/ext/misc/templatevtab.c -Wl,--no-undefined -L/c/ag-sqlite-e138-01/build-06 -lsqlite3 -L/c/ag-sqlite-e138-01/zlib/usr/lib -lz
/c/ag-sqlite-e138-01/compiler/bin/gcc.exe -shared -I/c/ag-sqlite-e138-01/build-06 -I/c/ag-sqlite-e138-01/prepared/source/src -I/c/ag-sqlite-e138-01/zlib/usr/include -pedantic -o msys-sqlite3tmstmpvfs-0.dll /c/ag-sqlite-e138-01/prepared/source/ext/misc/tmstmpvfs.c -Wl,--no-undefined -L/c/ag-sqlite-e138-01/build-06 -lsqlite3 -L/c/ag-sqlite-e138-01/zlib/usr/lib -lz
C:/ag-sqlite-e138-01/prepared/source/ext/misc/tmstmpvfs.c: In function 'tmstmpDlError':
C:/ag-sqlite-e138-01/prepared/source/ext/misc/tmstmpvfs.c:943:10: warning: ISO C forbids 'return' with expression, in function returning void [-Wpedantic]
  943 |   return pSub->xDlError(pSub,nByte,zErrMsg);
      |          ^~~~~~~~~~~~~~~~~~~~~~~~~~~~~~~~~~
C:/ag-sqlite-e138-01/prepared/source/ext/misc/tmstmpvfs.c:941:13: note: declared here
  941 | static void tmstmpDlError(sqlite3_vfs *p, int nByte, char *zErrMsg){
      |             ^~~~~~~~~~~~~
C:/ag-sqlite-e138-01/prepared/source/ext/misc/tmstmpvfs.c: In function 'tmstmpDlClose':
C:/ag-sqlite-e138-01/prepared/source/ext/misc/tmstmpvfs.c:951:10: warning: ISO C forbids 'return' with expression, in function returning void [-Wpedantic]
  951 |   return pSub->xDlClose(pSub,pDl);
      |          ^~~~~~~~~~~~~~~~~~~~~~~~
C:/ag-sqlite-e138-01/prepared/source/ext/misc/tmstmpvfs.c:949:13: note: declared here
  949 | static void tmstmpDlClose(sqlite3_vfs *p, void *pDl){
      |             ^~~~~~~~~~~~~
/c/ag-sqlite-e138-01/compiler/bin/gcc.exe -shared -I/c/ag-sqlite-e138-01/build-06 -I/c/ag-sqlite-e138-01/prepared/source/src -I/c/ag-sqlite-e138-01/zlib/usr/include -pedantic -o msys-sqlite3totype-0.dll /c/ag-sqlite-e138-01/prepared/source/ext/misc/totype.c -Wl,--no-undefined -L/c/ag-sqlite-e138-01/build-06 -lsqlite3 -L/c/ag-sqlite-e138-01/zlib/usr/lib -lz
/c/ag-sqlite-e138-01/compiler/bin/gcc.exe -shared -I/c/ag-sqlite-e138-01/build-06 -I/c/ag-sqlite-e138-01/prepared/source/src -I/c/ag-sqlite-e138-01/zlib/usr/include -pedantic -o msys-sqlite3uint-0.dll /c/ag-sqlite-e138-01/prepared/source/ext/misc/uint.c -Wl,--no-undefined -L/c/ag-sqlite-e138-01/build-06 -lsqlite3 -L/c/ag-sqlite-e138-01/zlib/usr/lib -lz
/c/ag-sqlite-e138-01/compiler/bin/gcc.exe -shared -I/c/ag-sqlite-e138-01/build-06 -I/c/ag-sqlite-e138-01/prepared/source/src -I/c/ag-sqlite-e138-01/zlib/usr/include -pedantic -o msys-sqlite3unionvtab-0.dll /c/ag-sqlite-e138-01/prepared/source/ext/misc/unionvtab.c -Wl,--no-undefined -L/c/ag-sqlite-e138-01/build-06 -lsqlite3 -L/c/ag-sqlite-e138-01/zlib/usr/lib -lz
/c/ag-sqlite-e138-01/compiler/bin/gcc.exe -shared -I/c/ag-sqlite-e138-01/build-06 -I/c/ag-sqlite-e138-01/prepared/source/src -I/c/ag-sqlite-e138-01/zlib/usr/include -pedantic -o msys-sqlite3urifuncs-0.dll /c/ag-sqlite-e138-01/prepared/source/ext/misc/urifuncs.c -Wl,--no-undefined -L/c/ag-sqlite-e138-01/build-06 -lsqlite3 -L/c/ag-sqlite-e138-01/zlib/usr/lib -lz
/c/ag-sqlite-e138-01/compiler/bin/gcc.exe -shared -I/c/ag-sqlite-e138-01/build-06 -I/c/ag-sqlite-e138-01/prepared/source/src -I/c/ag-sqlite-e138-01/zlib/usr/include -pedantic -o msys-sqlite3uuid-0.dll /c/ag-sqlite-e138-01/prepared/source/ext/misc/uuid.c -Wl,--no-undefined -L/c/ag-sqlite-e138-01/build-06 -lsqlite3 -L/c/ag-sqlite-e138-01/zlib/usr/lib -lz
/c/ag-sqlite-e138-01/compiler/bin/gcc.exe -shared -I/c/ag-sqlite-e138-01/build-06 -I/c/ag-sqlite-e138-01/prepared/source/src -I/c/ag-sqlite-e138-01/zlib/usr/include -pedantic -o msys-sqlite3vfslog-0.dll /c/ag-sqlite-e138-01/prepared/source/ext/misc/vfslog.c -Wl,--no-undefined -L/c/ag-sqlite-e138-01/build-06 -lsqlite3 -L/c/ag-sqlite-e138-01/zlib/usr/lib -lz
/c/ag-sqlite-e138-01/compiler/bin/gcc.exe -shared -I/c/ag-sqlite-e138-01/build-06 -I/c/ag-sqlite-e138-01/prepared/source/src -I/c/ag-sqlite-e138-01/zlib/usr/include -pedantic -o msys-sqlite3vfsstat-0.dll /c/ag-sqlite-e138-01/prepared/source/ext/misc/vfsstat.c -Wl,--no-undefined -L/c/ag-sqlite-e138-01/build-06 -lsqlite3 -L/c/ag-sqlite-e138-01/zlib/usr/lib -lz
/c/ag-sqlite-e138-01/compiler/bin/gcc.exe -shared -I/c/ag-sqlite-e138-01/build-06 -I/c/ag-sqlite-e138-01/prepared/source/src -I/c/ag-sqlite-e138-01/zlib/usr/include -pedantic -o msys-sqlite3vtablog-0.dll /c/ag-sqlite-e138-01/prepared/source/ext/misc/vtablog.c -Wl,--no-undefined -L/c/ag-sqlite-e138-01/build-06 -lsqlite3 -L/c/ag-sqlite-e138-01/zlib/usr/lib -lz
/c/ag-sqlite-e138-01/compiler/bin/gcc.exe -shared -I/c/ag-sqlite-e138-01/build-06 -I/c/ag-sqlite-e138-01/prepared/source/src -I/c/ag-sqlite-e138-01/zlib/usr/include -pedantic -o msys-sqlite3vtshim-0.dll /c/ag-sqlite-e138-01/prepared/source/ext/misc/vtshim.c -Wl,--no-undefined -L/c/ag-sqlite-e138-01/build-06 -lsqlite3 -L/c/ag-sqlite-e138-01/zlib/usr/lib -lz
/c/ag-sqlite-e138-01/compiler/bin/gcc.exe -shared -I/c/ag-sqlite-e138-01/build-06 -I/c/ag-sqlite-e138-01/prepared/source/src -I/c/ag-sqlite-e138-01/zlib/usr/include -pedantic -o msys-sqlite3wholenumber-0.dll /c/ag-sqlite-e138-01/prepared/source/ext/misc/wholenumber.c -Wl,--no-undefined -L/c/ag-sqlite-e138-01/build-06 -lsqlite3 -L/c/ag-sqlite-e138-01/zlib/usr/lib -lz
/c/ag-sqlite-e138-01/compiler/bin/gcc.exe -shared -I/c/ag-sqlite-e138-01/build-06 -I/c/ag-sqlite-e138-01/prepared/source/src -I/c/ag-sqlite-e138-01/zlib/usr/include -pedantic -o msys-sqlite3zipfile-0.dll /c/ag-sqlite-e138-01/prepared/source/ext/misc/zipfile.c -Wl,--no-undefined -L/c/ag-sqlite-e138-01/build-06 -lsqlite3 -L/c/ag-sqlite-e138-01/zlib/usr/lib -lz
/c/ag-sqlite-e138-01/compiler/bin/gcc.exe -shared -I/c/ag-sqlite-e138-01/build-06 -I/c/ag-sqlite-e138-01/prepared/source/src -I/c/ag-sqlite-e138-01/zlib/usr/include -pedantic -o msys-sqlite3zorder-0.dll /c/ag-sqlite-e138-01/prepared/source/ext/misc/zorder.c -Wl,--no-undefined -L/c/ag-sqlite-e138-01/build-06 -lsqlite3 -L/c/ag-sqlite-e138-01/zlib/usr/lib -lz
make: Leaving directory '/c/ag-sqlite-e138-01/build-06/ext/misc'
