make: Entering directory '/c/ar07-9047/g01/git-32c4f7689275d233577576630e1ac5b7eb354eb0/Documentation'
    GEN asciidoctor-extensions.rb
    GEN howto-index.adoc
    GEN SubmittingPatches.adoc
    ASCIIDOC ToolsForGit.html
    ASCIIDOC technical/bitmap-format.html
    ASCIIDOC technical/build-systems.html
    ASCIIDOC technical/bundle-uri.html
    ASCIIDOC technical/commit-graph.html
    ASCIIDOC technical/directory-rename-detection.html
    ASCIIDOC technical/hash-function-transition.html
    ASCIIDOC technical/large-object-promisors.html
    ASCIIDOC technical/long-running-process-protocol.html
    ASCIIDOC technical/multi-pack-index.html
    ASCIIDOC technical/packfile-uri.html
    ASCIIDOC technical/pack-heuristics.html
    ASCIIDOC technical/parallel-checkout.html
    ASCIIDOC technical/partial-clone.html
    ASCIIDOC technical/platform-support.html
    ASCIIDOC technical/racy-git.html
    ASCIIDOC technical/reftable.html
    ASCIIDOC technical/remembering-renames.html
    ASCIIDOC technical/repository-version.html
    ASCIIDOC technical/rerere.html
    ASCIIDOC technical/scalar.html
    ASCIIDOC technical/send-pack-pipeline.html
    ASCIIDOC technical/shallow.html
    ASCIIDOC technical/sparse-checkout.html
    ASCIIDOC technical/sparse-index.html
    ASCIIDOC technical/trivial-merge.html
    ASCIIDOC technical/unambiguous-types.html
    ASCIIDOC technical/unit-tests.html
    GEN technical/api-index.adoc
    ASCIIDOC everyday.html
    ASCIIDOC git-remote-helpers.html
    ASCIIDOC git-add.xml
    ASCIIDOC git-am.xml
    ASCIIDOC git-annotate.xml
    ASCIIDOC git-apply.xml
    ASCIIDOC git-archimport.xml
    ASCIIDOC git-archive.xml
    ASCIIDOC git-backfill.xml
    ASCIIDOC git-bisect.xml
    ASCIIDOC git-blame.xml
    ASCIIDOC git-branch.xml
    ASCIIDOC git-bugreport.xml
    ASCIIDOC git-bundle.xml
    ASCIIDOC git-cat-file.xml
    ASCIIDOC git-check-attr.xml
    ASCIIDOC git-check-ignore.xml
    ASCIIDOC git-check-mailmap.xml
    ASCIIDOC git-check-ref-format.xml
    ASCIIDOC git-checkout-index.xml
    ASCIIDOC git-checkout.xml
    ASCIIDOC git-cherry-pick.xml
    ASCIIDOC git-cherry.xml
    ASCIIDOC git-citool.xml
    ASCIIDOC git-clean.xml
    ASCIIDOC git-clone.xml
    ASCIIDOC git-column.xml
    ASCIIDOC git-commit-graph.xml
    ASCIIDOC git-commit-tree.xml
    ASCIIDOC git-config.xml
    ASCIIDOC git-count-objects.xml
    ASCIIDOC git-credential-cache--daemon.xml
    ASCIIDOC git-credential-cache.xml
    ASCIIDOC git-credential-store.xml
    ASCIIDOC git-credential.xml
    ASCIIDOC git-cvsexportcommit.xml
    ASCIIDOC git-cvsimport.xml
    ASCIIDOC git-cvsserver.xml
    ASCIIDOC git-daemon.xml
    ASCIIDOC git-describe.xml
    ASCIIDOC git-diagnose.xml
    ASCIIDOC git-diff-files.xml
    ASCIIDOC git-diff-index.xml
    ASCIIDOC git-diff-pairs.xml
    ASCIIDOC git-diff-tree.xml
    ASCIIDOC git-diff.xml
    ASCIIDOC git-difftool.xml
    ASCIIDOC git-fast-export.xml
    ASCIIDOC git-fast-import.xml
    ASCIIDOC git-fetch-pack.xml
    ASCIIDOC git-fetch.xml
    ASCIIDOC git-filter-branch.xml
    ASCIIDOC git-fmt-merge-msg.xml
    ASCIIDOC git-for-each-ref.xml
    ASCIIDOC git-for-each-repo.xml
    ASCIIDOC git-format-patch.xml
    ASCIIDOC git-format-rev.xml
    ASCIIDOC git-fsck-objects.xml
    ASCIIDOC git-fsck.xml
    ASCIIDOC git-fsmonitor--daemon.xml
    ASCIIDOC git-gc.xml
    ASCIIDOC git-get-tar-commit-id.xml
    ASCIIDOC git-grep.xml
    ASCIIDOC git-gui.xml
    ASCIIDOC git-hash-object.xml
    ASCIIDOC git-help.xml
    ASCIIDOC git-history.xml
    ASCIIDOC git-hook.xml
    ASCIIDOC git-http-backend.xml
    ASCIIDOC git-http-fetch.xml
    ASCIIDOC git-http-push.xml
    ASCIIDOC git-imap-send.xml
    ASCIIDOC git-index-pack.xml
    ASCIIDOC git-init-db.xml
    ASCIIDOC git-init.xml
    ASCIIDOC git-instaweb.xml
    ASCIIDOC git-interpret-trailers.xml
    ASCIIDOC git-last-modified.xml
    ASCIIDOC git-log.xml
    ASCIIDOC git-ls-files.xml
    ASCIIDOC git-ls-remote.xml
    ASCIIDOC git-ls-tree.xml
    ASCIIDOC git-mailinfo.xml
    ASCIIDOC git-mailsplit.xml
    ASCIIDOC git-maintenance.xml
    ASCIIDOC git-merge-base.xml
    ASCIIDOC git-merge-file.xml
    ASCIIDOC git-merge-index.xml
    ASCIIDOC git-merge-one-file.xml
    ASCIIDOC git-merge-tree.xml
    ASCIIDOC git-merge.xml
    ASCIIDOC git-mergetool--lib.xml
    ASCIIDOC git-mergetool.xml
    ASCIIDOC git-mktag.xml
    ASCIIDOC git-mktree.xml
    ASCIIDOC git-multi-pack-index.xml
    ASCIIDOC git-mv.xml
    ASCIIDOC git-name-rev.xml
    ASCIIDOC git-notes.xml
    ASCIIDOC git-p4.xml
    ASCIIDOC git-pack-objects.xml
    ASCIIDOC git-pack-redundant.xml
    ASCIIDOC git-pack-refs.xml
    ASCIIDOC git-patch-id.xml
    ASCIIDOC git-prune-packed.xml
    ASCIIDOC git-prune.xml
    ASCIIDOC git-pull.xml
    ASCIIDOC git-push.xml
    ASCIIDOC git-quiltimport.xml
    ASCIIDOC git-range-diff.xml
    ASCIIDOC git-read-tree.xml
    ASCIIDOC git-rebase.xml
    ASCIIDOC git-receive-pack.xml
    ASCIIDOC git-reflog.xml
    ASCIIDOC git-refs.xml
    ASCIIDOC git-remote-ext.xml
    ASCIIDOC git-remote-fd.xml
    ASCIIDOC git-remote.xml
    ASCIIDOC git-repack.xml
    ASCIIDOC git-replace.xml
    ASCIIDOC git-replay.xml
    ASCIIDOC git-repo.xml
    ASCIIDOC git-request-pull.xml
    ASCIIDOC git-rerere.xml
    ASCIIDOC git-reset.xml
    ASCIIDOC git-restore.xml
    ASCIIDOC git-rev-list.xml
    ASCIIDOC git-rev-parse.xml
    ASCIIDOC git-revert.xml
    ASCIIDOC git-rm.xml
    ASCIIDOC git-send-email.xml
    ASCIIDOC git-send-pack.xml
    ASCIIDOC git-sh-i18n--envsubst.xml
    ASCIIDOC git-sh-i18n.xml
    ASCIIDOC git-sh-setup.xml
    ASCIIDOC git-shell.xml
    ASCIIDOC git-shortlog.xml
    ASCIIDOC git-show-branch.xml
    ASCIIDOC git-show-index.xml
    ASCIIDOC git-show-ref.xml
    ASCIIDOC git-show.xml
    ASCIIDOC git-sparse-checkout.xml
    ASCIIDOC git-stage.xml
    ASCIIDOC git-stash.xml
    ASCIIDOC git-status.xml
    ASCIIDOC git-stripspace.xml
    ASCIIDOC git-submodule.xml
    ASCIIDOC git-survey.xml
    ASCIIDOC git-svn.xml
    ASCIIDOC git-switch.xml
    ASCIIDOC git-symbolic-ref.xml
    ASCIIDOC git-tag.xml
    ASCIIDOC git-unpack-file.xml
    ASCIIDOC git-unpack-objects.xml
    ASCIIDOC git-update-index.xml
    ASCIIDOC git-update-ref.xml
    ASCIIDOC git-update-server-info.xml
    ASCIIDOC git-upload-archive.xml
    ASCIIDOC git-upload-pack.xml
    ASCIIDOC git-url-parse.xml
    ASCIIDOC git-var.xml
    ASCIIDOC git-verify-commit.xml
    ASCIIDOC git-verify-pack.xml
    ASCIIDOC git-verify-tag.xml
    ASCIIDOC git-version.xml
    ASCIIDOC git-web--browse.xml
    ASCIIDOC git-whatchanged.xml
    ASCIIDOC git-worktree.xml
    ASCIIDOC git-write-tree.xml
    ASCIIDOC gitk.xml
    ASCIIDOC gitweb.xml
    ASCIIDOC scalar.xml
    ASCIIDOC gitattributes.xml
    ASCIIDOC gitformat-bundle.xml
    ASCIIDOC gitformat-chunk.xml
    ASCIIDOC gitformat-commit-graph.xml
    ASCIIDOC gitformat-index.xml
    ASCIIDOC gitformat-loose.xml
    ASCIIDOC gitformat-pack.xml
    ASCIIDOC gitformat-signature.xml
    ASCIIDOC githooks.xml
    ASCIIDOC gitmailmap.xml
    ASCIIDOC gitmodules.xml
    ASCIIDOC gitprotocol-capabilities.xml
    ASCIIDOC gitprotocol-common.xml
    ASCIIDOC gitprotocol-http.xml
    ASCIIDOC gitprotocol-pack.xml
    ASCIIDOC gitprotocol-v2.xml
    ASCIIDOC gitrepository-layout.xml
    ASCIIDOC gitweb.conf.xml
    ASCIIDOC gitcore-tutorial.xml
    ASCIIDOC gitcredentials.xml
    ASCIIDOC gitcvs-migration.xml
    ASCIIDOC gitdatamodel.xml
    ASCIIDOC gitdiffcore.xml
    ASCIIDOC giteveryday.xml
    ASCIIDOC gitfaq.xml
    ASCIIDOC gitglossary.xml
    ASCIIDOC gitpacking.xml
    ASCIIDOC gitnamespaces.xml
    ASCIIDOC gitremote-helpers.xml
    ASCIIDOC gitrevisions.xml
    ASCIIDOC gitsubmodules.xml
    ASCIIDOC gittutorial-2.xml
    ASCIIDOC gittutorial.xml
    ASCIIDOC gitworkflows.xml
    ASCIIDOC git-add.html
    ASCIIDOC git-am.html
    ASCIIDOC git-annotate.html
    ASCIIDOC git-apply.html
    ASCIIDOC git-archimport.html
    ASCIIDOC git-archive.html
    ASCIIDOC git-backfill.html
    ASCIIDOC git-bisect.html
    ASCIIDOC git-blame.html
    ASCIIDOC git-branch.html
    ASCIIDOC git-bugreport.html
    ASCIIDOC git-bundle.html
    ASCIIDOC git-cat-file.html
    ASCIIDOC git-check-attr.html
    ASCIIDOC git-check-ignore.html
    ASCIIDOC git-check-mailmap.html
    ASCIIDOC git-check-ref-format.html
    ASCIIDOC git-checkout-index.html
    ASCIIDOC git-checkout.html
    ASCIIDOC git-cherry-pick.html
    ASCIIDOC git-cherry.html
    ASCIIDOC git-citool.html
    ASCIIDOC git-clean.html
    ASCIIDOC git-clone.html
    ASCIIDOC git-column.html
    ASCIIDOC git-commit-graph.html
    ASCIIDOC git-commit-tree.html
    ASCIIDOC git-config.html
    ASCIIDOC git-count-objects.html
    ASCIIDOC git-credential-cache--daemon.html
    ASCIIDOC git-credential-cache.html
    ASCIIDOC git-credential-store.html
    ASCIIDOC git-credential.html
    ASCIIDOC git-cvsexportcommit.html
    ASCIIDOC git-cvsimport.html
    ASCIIDOC git-cvsserver.html
    ASCIIDOC git-daemon.html
    ASCIIDOC git-describe.html
    ASCIIDOC git-diagnose.html
    ASCIIDOC git-diff-files.html
    ASCIIDOC git-diff-index.html
    ASCIIDOC git-diff-pairs.html
    ASCIIDOC git-diff-tree.html
    ASCIIDOC git-diff.html
    ASCIIDOC git-difftool.html
    ASCIIDOC git-fast-export.html
    ASCIIDOC git-fast-import.html
    ASCIIDOC git-fetch-pack.html
    ASCIIDOC git-fetch.html
    ASCIIDOC git-filter-branch.html
    ASCIIDOC git-fmt-merge-msg.html
    ASCIIDOC git-for-each-ref.html
    ASCIIDOC git-for-each-repo.html
    ASCIIDOC git-format-patch.html
    ASCIIDOC git-format-rev.html
    ASCIIDOC git-fsck-objects.html
    ASCIIDOC git-fsck.html
    ASCIIDOC git-fsmonitor--daemon.html
    ASCIIDOC git-gc.html
    ASCIIDOC git-get-tar-commit-id.html
    ASCIIDOC git-grep.html
    ASCIIDOC git-gui.html
    ASCIIDOC git-hash-object.html
    ASCIIDOC git-help.html
    ASCIIDOC git-history.html
    ASCIIDOC git-hook.html
    ASCIIDOC git-http-backend.html
    ASCIIDOC git-http-fetch.html
    ASCIIDOC git-http-push.html
    ASCIIDOC git-imap-send.html
    ASCIIDOC git-index-pack.html
    ASCIIDOC git-init-db.html
    ASCIIDOC git-init.html
    ASCIIDOC git-instaweb.html
    ASCIIDOC git-interpret-trailers.html
    ASCIIDOC git-last-modified.html
    ASCIIDOC git-log.html
    ASCIIDOC git-ls-files.html
    ASCIIDOC git-ls-remote.html
    ASCIIDOC git-ls-tree.html
    ASCIIDOC git-mailinfo.html
    ASCIIDOC git-mailsplit.html
    ASCIIDOC git-maintenance.html
    ASCIIDOC git-merge-base.html
    ASCIIDOC git-merge-file.html
    ASCIIDOC git-merge-index.html
    ASCIIDOC git-merge-one-file.html
    ASCIIDOC git-merge-tree.html
    ASCIIDOC git-merge.html
    ASCIIDOC git-mergetool--lib.html
    ASCIIDOC git-mergetool.html
    ASCIIDOC git-mktag.html
    ASCIIDOC git-mktree.html
    ASCIIDOC git-multi-pack-index.html
    ASCIIDOC git-mv.html
    ASCIIDOC git-name-rev.html
    ASCIIDOC git-notes.html
    ASCIIDOC git-p4.html
    ASCIIDOC git-pack-objects.html
    ASCIIDOC git-pack-redundant.html
    ASCIIDOC git-pack-refs.html
    ASCIIDOC git-patch-id.html
    ASCIIDOC git-prune-packed.html
    ASCIIDOC git-prune.html
    ASCIIDOC git-pull.html
    ASCIIDOC git-push.html
    ASCIIDOC git-quiltimport.html
    ASCIIDOC git-range-diff.html
    ASCIIDOC git-read-tree.html
    ASCIIDOC git-rebase.html
    ASCIIDOC git-receive-pack.html
    ASCIIDOC git-reflog.html
    ASCIIDOC git-refs.html
    ASCIIDOC git-remote-ext.html
    ASCIIDOC git-remote-fd.html
    ASCIIDOC git-remote.html
    ASCIIDOC git-repack.html
    ASCIIDOC git-replace.html
    ASCIIDOC git-replay.html
    ASCIIDOC git-repo.html
    ASCIIDOC git-request-pull.html
    ASCIIDOC git-rerere.html
    ASCIIDOC git-reset.html
    ASCIIDOC git-restore.html
    ASCIIDOC git-rev-list.html
    ASCIIDOC git-rev-parse.html
    ASCIIDOC git-revert.html
    ASCIIDOC git-rm.html
    ASCIIDOC git-send-email.html
    ASCIIDOC git-send-pack.html
    ASCIIDOC git-sh-i18n--envsubst.html
    ASCIIDOC git-sh-i18n.html
    ASCIIDOC git-sh-setup.html
    ASCIIDOC git-shell.html
    ASCIIDOC git-shortlog.html
    ASCIIDOC git-show-branch.html
    ASCIIDOC git-show-index.html
    ASCIIDOC git-show-ref.html
    ASCIIDOC git-show.html
    ASCIIDOC git-sparse-checkout.html
    ASCIIDOC git-stage.html
    ASCIIDOC git-stash.html
    ASCIIDOC git-status.html
    ASCIIDOC git-stripspace.html
    ASCIIDOC git-submodule.html
    ASCIIDOC git-survey.html
    ASCIIDOC git-svn.html
    ASCIIDOC git-switch.html
    ASCIIDOC git-symbolic-ref.html
    ASCIIDOC git-tag.html
    ASCIIDOC git-unpack-file.html
    ASCIIDOC git-unpack-objects.html
    ASCIIDOC git-update-index.html
    ASCIIDOC git-update-ref.html
    ASCIIDOC git-update-server-info.html
    ASCIIDOC git-upload-archive.html
    ASCIIDOC git-upload-pack.html
    ASCIIDOC git-url-parse.html
    ASCIIDOC git-var.html
    ASCIIDOC git-verify-commit.html
    ASCIIDOC git-verify-pack.html
    ASCIIDOC git-verify-tag.html
    ASCIIDOC git-version.html
    ASCIIDOC git-web--browse.html
    ASCIIDOC git-whatchanged.html
    ASCIIDOC git-worktree.html
    ASCIIDOC git-write-tree.html
    ASCIIDOC gitk.html
    ASCIIDOC gitweb.html
    ASCIIDOC scalar.html
    ASCIIDOC gitattributes.html
    ASCIIDOC gitformat-bundle.html
    ASCIIDOC gitformat-chunk.html
    ASCIIDOC gitformat-commit-graph.html
    ASCIIDOC gitformat-index.html
    ASCIIDOC gitformat-loose.html
    ASCIIDOC gitformat-pack.html
    ASCIIDOC gitformat-signature.html
    ASCIIDOC githooks.html
    ASCIIDOC gitmailmap.html
    ASCIIDOC gitmodules.html
    ASCIIDOC gitprotocol-capabilities.html
    ASCIIDOC gitprotocol-common.html
    ASCIIDOC gitprotocol-http.html
    ASCIIDOC gitprotocol-pack.html
    ASCIIDOC gitprotocol-v2.html
    ASCIIDOC gitrepository-layout.html
    ASCIIDOC gitweb.conf.html
    ASCIIDOC gitcore-tutorial.html
    ASCIIDOC gitcredentials.html
    ASCIIDOC gitcvs-migration.html
    ASCIIDOC gitdatamodel.html
    ASCIIDOC gitdiffcore.html
    ASCIIDOC giteveryday.html
    ASCIIDOC gitfaq.html
    ASCIIDOC gitglossary.html
    ASCIIDOC gitpacking.html
    ASCIIDOC gitnamespaces.html
    ASCIIDOC gitremote-helpers.html
    ASCIIDOC gitrevisions.html
    ASCIIDOC gitsubmodules.html
    ASCIIDOC gittutorial-2.html
    ASCIIDOC gittutorial.html
    ASCIIDOC gitworkflows.html
    ASCIIDOC howto-index.html
    ASCIIDOC git-tools.html
    ASCIIDOC git-bisect-lk2009.html
    ASCIIDOC howto/new-command.html
    ASCIIDOC howto/revert-branch-rebase.html
    ASCIIDOC howto/using-merge-subtree.html
    ASCIIDOC howto/using-signed-tag-in-pull-request.html
    ASCIIDOC howto/use-git-daemon.html
    ASCIIDOC howto/update-hook-example.html
    ASCIIDOC howto/setup-git-server-over-http.html
    ASCIIDOC howto/separating-topic-branches.html
    ASCIIDOC howto/revert-a-faulty-merge.html
    ASCIIDOC howto/recover-corrupted-blob-object.html
    ASCIIDOC howto/recover-corrupted-object-harder.html
    ASCIIDOC howto/rebuild-from-update-hook.html
    ASCIIDOC howto/rebase-from-internal-branch.html
    ASCIIDOC howto/keep-canonical-history-correct.html
    ASCIIDOC howto/maintain-git.html
    ASCIIDOC howto/coordinate-embargoed-releases.html
    ASCIIDOC technical/api-error-handling.html
    ASCIIDOC technical/api-merge.html
    ASCIIDOC technical/api-parse-options.html
    ASCIIDOC technical/api-path-walk.html
    ASCIIDOC technical/api-simple-ipc.html
    ASCIIDOC technical/api-trace2.html
    ASCIIDOC BreakingChanges.html
    ASCIIDOC DecisionMaking.html
    ASCIIDOC ReviewingGuidelines.html
    ASCIIDOC MyFirstContribution.html
    ASCIIDOC MyFirstObjectWalk.html
    ASCIIDOC SubmittingPatches.html
    ASCIIDOC technical/api-index.html
    XMLTO git-add.1
    XMLTO git-am.1
    XMLTO git-annotate.1
    XMLTO git-apply.1
    XMLTO git-archimport.1
    XMLTO git-archive.1
    XMLTO git-backfill.1
    XMLTO git-bisect.1
    XMLTO git-blame.1
    XMLTO git-branch.1
    XMLTO git-bugreport.1
    XMLTO git-bundle.1
    XMLTO git-cat-file.1
    XMLTO git-check-attr.1
    XMLTO git-check-ignore.1
    XMLTO git-check-mailmap.1
    XMLTO git-check-ref-format.1
    XMLTO git-checkout-index.1
    XMLTO git-checkout.1
    XMLTO git-cherry-pick.1
    XMLTO git-cherry.1
    XMLTO git-citool.1
    XMLTO git-clean.1
    XMLTO git-clone.1
    XMLTO git-column.1
    XMLTO git-commit-graph.1
    XMLTO git-commit-tree.1
    XMLTO git-config.1
    XMLTO git-count-objects.1
    XMLTO git-credential-cache--daemon.1
    XMLTO git-credential-cache.1
    XMLTO git-credential-store.1
    XMLTO git-credential.1
    XMLTO git-cvsexportcommit.1
    XMLTO git-cvsimport.1
    XMLTO git-cvsserver.1
    XMLTO git-daemon.1
    XMLTO git-describe.1
    XMLTO git-diagnose.1
    XMLTO git-diff-files.1
    XMLTO git-diff-index.1
    XMLTO git-diff-pairs.1
    XMLTO git-diff-tree.1
    XMLTO git-diff.1
    XMLTO git-difftool.1
    XMLTO git-fast-export.1
    XMLTO git-fast-import.1
    XMLTO git-fetch-pack.1
    XMLTO git-fetch.1
    XMLTO git-filter-branch.1
    XMLTO git-fmt-merge-msg.1
    XMLTO git-for-each-ref.1
    XMLTO git-for-each-repo.1
    XMLTO git-format-patch.1
    XMLTO git-format-rev.1
    XMLTO git-fsck-objects.1
    XMLTO git-fsck.1
    XMLTO git-fsmonitor--daemon.1
    XMLTO git-gc.1
    XMLTO git-get-tar-commit-id.1
    XMLTO git-grep.1
    XMLTO git-gui.1
    XMLTO git-hash-object.1
    XMLTO git-help.1
    XMLTO git-history.1
    XMLTO git-hook.1
    XMLTO git-http-backend.1
    XMLTO git-http-fetch.1
    XMLTO git-http-push.1
    XMLTO git-imap-send.1
    XMLTO git-index-pack.1
    XMLTO git-init-db.1
    XMLTO git-init.1
    XMLTO git-instaweb.1
    XMLTO git-interpret-trailers.1
    XMLTO git-last-modified.1
    XMLTO git-log.1
    XMLTO git-ls-files.1
    XMLTO git-ls-remote.1
    XMLTO git-ls-tree.1
    XMLTO git-mailinfo.1
    XMLTO git-mailsplit.1
    XMLTO git-maintenance.1
    XMLTO git-merge-base.1
    XMLTO git-merge-file.1
    XMLTO git-merge-index.1
    XMLTO git-merge-one-file.1
    XMLTO git-merge-tree.1
    XMLTO git-merge.1
    XMLTO git-mergetool--lib.1
    XMLTO git-mergetool.1
    XMLTO git-mktag.1
    XMLTO git-mktree.1
    XMLTO git-multi-pack-index.1
    XMLTO git-mv.1
    XMLTO git-name-rev.1
    XMLTO git-notes.1
    XMLTO git-p4.1
    XMLTO git-pack-objects.1
    XMLTO git-pack-redundant.1
    XMLTO git-pack-refs.1
    XMLTO git-patch-id.1
    XMLTO git-prune-packed.1
    XMLTO git-prune.1
    XMLTO git-pull.1
    XMLTO git-push.1
    XMLTO git-quiltimport.1
    XMLTO git-range-diff.1
    XMLTO git-read-tree.1
    XMLTO git-rebase.1
    XMLTO git-receive-pack.1
    XMLTO git-reflog.1
    XMLTO git-refs.1
    XMLTO git-remote-ext.1
    XMLTO git-remote-fd.1
    XMLTO git-remote.1
    XMLTO git-repack.1
    XMLTO git-replace.1
    XMLTO git-replay.1
    XMLTO git-repo.1
    XMLTO git-request-pull.1
    XMLTO git-rerere.1
    XMLTO git-reset.1
    XMLTO git-restore.1
    XMLTO git-rev-list.1
    XMLTO git-rev-parse.1
    XMLTO git-revert.1
    XMLTO git-rm.1
    XMLTO git-send-email.1
    XMLTO git-send-pack.1
    XMLTO git-sh-i18n--envsubst.1
    XMLTO git-sh-i18n.1
    XMLTO git-sh-setup.1
    XMLTO git-shell.1
    XMLTO git-shortlog.1
    XMLTO git-show-branch.1
    XMLTO git-show-index.1
    XMLTO git-show-ref.1
    XMLTO git-show.1
    XMLTO git-sparse-checkout.1
    XMLTO git-stage.1
    XMLTO git-stash.1
    XMLTO git-status.1
    XMLTO git-stripspace.1
    XMLTO git-submodule.1
    XMLTO git-survey.1
    XMLTO git-svn.1
    XMLTO git-switch.1
    XMLTO git-symbolic-ref.1
    XMLTO git-tag.1
    XMLTO git-unpack-file.1
    XMLTO git-unpack-objects.1
    XMLTO git-update-index.1
    XMLTO git-update-ref.1
    XMLTO git-update-server-info.1
    XMLTO git-upload-archive.1
    XMLTO git-upload-pack.1
    XMLTO git-url-parse.1
    XMLTO git-var.1
    XMLTO git-verify-commit.1
    XMLTO git-verify-pack.1
    XMLTO git-verify-tag.1
    XMLTO git-version.1
    XMLTO git-web--browse.1
    XMLTO git-whatchanged.1
    XMLTO git-worktree.1
    XMLTO git-write-tree.1
    XMLTO gitk.1
    XMLTO gitweb.1
    XMLTO scalar.1
    XMLTO gitattributes.5
    XMLTO gitformat-bundle.5
    XMLTO gitformat-chunk.5
    XMLTO gitformat-commit-graph.5
    XMLTO gitformat-index.5
    XMLTO gitformat-loose.5
    XMLTO gitformat-pack.5
    XMLTO gitformat-signature.5
    XMLTO githooks.5
    XMLTO gitmailmap.5
    XMLTO gitmodules.5
    XMLTO gitprotocol-capabilities.5
    XMLTO gitprotocol-common.5
    XMLTO gitprotocol-http.5
    XMLTO gitprotocol-pack.5
    XMLTO gitprotocol-v2.5
    XMLTO gitrepository-layout.5
    XMLTO gitweb.conf.5
    XMLTO gitcore-tutorial.7
    XMLTO gitcredentials.7
    XMLTO gitcvs-migration.7
    XMLTO gitdatamodel.7
    XMLTO gitdiffcore.7
    XMLTO giteveryday.7
    XMLTO gitfaq.7
    XMLTO gitglossary.7
    XMLTO gitpacking.7
    XMLTO gitnamespaces.7
    XMLTO gitremote-helpers.7
    XMLTO gitrevisions.7
    XMLTO gitsubmodules.7
    XMLTO gittutorial-2.7
    XMLTO gittutorial.7
    XMLTO gitworkflows.7
make: Leaving directory '/c/ar07-9047/g01/git-32c4f7689275d233577576630e1ac5b7eb354eb0/Documentation'
make: Entering directory '/c/ar07-9047/g01/git-32c4f7689275d233577576630e1ac5b7eb354eb0/contrib/subtree'
make -C ../../ GIT-VERSION-FILE
make[1]: Entering directory '/c/ar07-9047/g01/git-32c4f7689275d233577576630e1ac5b7eb354eb0'
GIT_VERSION=2.55.0.windows.5
make[1]: 'GIT-VERSION-FILE' is up to date.
make[1]: Leaving directory '/c/ar07-9047/g01/git-32c4f7689275d233577576630e1ac5b7eb354eb0'
    GEN asciidoctor-extensions.rb
/c/ar07-9047/asciidoctor-readback/mingwarm64/bin/asciidoctor -b xhtml5 -d manpage  \
	-I. -rasciidoctor-extensions -alitdd='&#x2d;&#x2d;' git-subtree.adoc
/c/ar07-9047/asciidoctor-readback/mingwarm64/bin/asciidoctor -b docbook -d manpage  \
	-I. -rasciidoctor-extensions -alitdd='&#x2d;&#x2d;' git-subtree.adoc
xmlto -m ../../Documentation/manpage-normal.xsl --skip-validation man git-subtree.xml
Note: namesp. cut : stripped namespace before processing           git-subtree(1)
make: Leaving directory '/c/ar07-9047/g01/git-32c4f7689275d233577576630e1ac5b7eb354eb0/contrib/subtree'
