native-C PHASE inherited runtime=C:\ag-sqlite-e138-01\tcl\usr\bin\msys-2.0.dll long=8 pointer=8
native-C WOARM64_ENV_INHERITED POSIX=<inherited-marker> WIN32=<inherited-marker>
native-C WOARM64_ENV_NEW POSIX=<absent> WIN32=<absent>
native-C CCACHE_DISABLE POSIX=<1> WIN32=<1>
native-C TMPDIR POSIX=</c/ag-sqlite-e138-01/temp> WIN32=<C:\ag-sqlite-e138-01\temp>
native-C PHASE child runtime=C:\ag-sqlite-e138-01\tcl\usr\bin\msys-2.0.dll long=8 pointer=8
native-C WOARM64_ENV_INHERITED POSIX=<inherited-marker> WIN32=<absent>
native-C WOARM64_ENV_NEW POSIX=<absent> WIN32=<absent>
native-C CCACHE_DISABLE POSIX=<1> WIN32=<absent>
native-C TMPDIR POSIX=</c/ag-sqlite-e138-01/temp> WIN32=<absent>
foreign-MSYS-bash inherited=<absent> new=<absent> CCACHE_DISABLE=<absent> TMPDIR=<absent>
{"child": "native-Windows-Python", "environment": {"CCACHE_DISABLE": "1", "TMPDIR": "C:\\ag-sqlite-e138-01\\temp", "WOARM64_ENV_INHERITED": "inherited-marker", "WOARM64_ENV_NEW": null}}
native-C PHASE mutated runtime=C:\ag-sqlite-e138-01\tcl\usr\bin\msys-2.0.dll long=8 pointer=8
native-C WOARM64_ENV_INHERITED POSIX=<c-replaced> WIN32=<inherited-marker>
native-C WOARM64_ENV_NEW POSIX=<c-new> WIN32=<absent>
native-C CCACHE_DISABLE POSIX=<c-marker> WIN32=<1>
native-C TMPDIR POSIX=</c/ag-sqlite-e138-01/temp> WIN32=<C:\ag-sqlite-e138-01\temp>
native-C PHASE child runtime=C:\ag-sqlite-e138-01\tcl\usr\bin\msys-2.0.dll long=8 pointer=8
native-C WOARM64_ENV_INHERITED POSIX=<c-replaced> WIN32=<absent>
native-C WOARM64_ENV_NEW POSIX=<c-new> WIN32=<absent>
native-C CCACHE_DISABLE POSIX=<c-marker> WIN32=<absent>
native-C TMPDIR POSIX=</c/ag-sqlite-e138-01/temp> WIN32=<absent>
foreign-MSYS-bash inherited=<absent> new=<absent> CCACHE_DISABLE=<absent> TMPDIR=<absent>
{"child": "native-Windows-Python", "environment": {"CCACHE_DISABLE": "c-marker", "TMPDIR": "C:\\ag-sqlite-e138-01\\temp", "WOARM64_ENV_INHERITED": "c-replaced", "WOARM64_ENV_NEW": "c-new"}}
