==> Making package: libgcrypt 1.12.2-1 (Fri Sep 11 16:44:11 2026)
==> WARNING: Skipping dependency checks.
==> Retrieving sources...
  -> Found libgcrypt-1.12.2.tar.bz2
  -> Found libgcrypt-1.12.2.tar.bz2.sig
==> Validating source files with sha256sums...
    libgcrypt-1.12.2.tar.bz2 ... Passed
    libgcrypt-1.12.2.tar.bz2.sig ... Skipped
==> Verifying source file signatures with gpg...
    libgcrypt-1.12.2.tar.bz2 ... Passed
==> Making package: libgcrypt 1.12.2-1 (Fri Sep 11 16:44:20 2026)
==> WARNING: Skipping dependency checks.
==> Retrieving sources...
  -> Found libgcrypt-1.12.2.tar.bz2
  -> Found libgcrypt-1.12.2.tar.bz2.sig
==> Validating source files with sha256sums...
    libgcrypt-1.12.2.tar.bz2 ... Passed
    libgcrypt-1.12.2.tar.bz2.sig ... Skipped
==> Verifying source file signatures with gpg...
    libgcrypt-1.12.2.tar.bz2 ... Passed
==> Removing existing $srcdir/ directory...
==> Extracting sources...
  -> Extracting libgcrypt-1.12.2.tar.bz2 with bsdtar
==> Starting prepare()...
libtoolize: putting auxiliary files in AC_CONFIG_AUX_DIR, 'build-aux'.
libtoolize: copying file 'build-aux/ltmain.sh'
libtoolize: putting macros in AC_CONFIG_MACRO_DIRS, 'm4'.
libtoolize: copying file 'm4/libtool.m4'
libtoolize: copying file 'm4/ltoptions.m4'
libtoolize: copying file 'm4/ltsugar.m4'
libtoolize: copying file 'm4/ltversion.m4'
libtoolize: copying file 'm4/lt~obsolete.m4'
configure.ac:88: installing 'build-aux/compile'
configure.ac:81: installing 'build-aux/missing'
cipher/Makefile.am: installing 'build-aux/depcomp'
==> Starting build()...
configure: creating cache config.cache
checking for a BSD-compatible install... /usr/bin/install -c
checking whether build environment is sane... yes
checking for a race-free mkdir -p... /usr/bin/mkdir -p
checking for gawk... gawk
checking whether make sets $(MAKE)... yes
checking whether make supports nested variables... yes
checking build system type... aarch64-pc-cygwin
checking host system type... aarch64-pc-cygwin
checking whether to enable maintainer-specific portions of Makefiles... no
checking whether make supports nested variables... (cached) yes
checking whether make supports the include directive... yes (GNU style)
checking for gcc... gcc
checking whether the C compiler works... yes
checking for C compiler default output file name... a.exe
checking for suffix of executables... .exe
checking whether we are cross compiling... no
checking for suffix of object files... o
checking whether the compiler supports GNU C... yes
checking whether gcc accepts -g... yes
checking for gcc option to enable C11 features... none needed
checking whether gcc understands -c and -o together... yes
checking dependency style of gcc... gcc3
checking for stdio.h... yes
checking for stdlib.h... yes
checking for string.h... yes
checking for inttypes.h... yes
checking for stdint.h... yes
checking for strings.h... yes
checking for sys/stat.h... yes
checking for sys/types.h... yes
checking for unistd.h... yes
checking for wchar.h... yes
checking for minix/config.h... no
checking whether it is safe to define __EXTENSIONS__... yes
checking whether _XOPEN_SOURCE should be defined... no
checking whether make sets $(MAKE)... (cached) yes
checking for gcc... (cached) gcc
checking whether the compiler supports GNU C... (cached) yes
checking whether gcc accepts -g... (cached) yes
checking for gcc option to enable C11 features... (cached) none needed
checking whether gcc understands -c and -o together... (cached) yes
checking dependency style of gcc... (cached) gcc3
checking how to run the C preprocessor... gcc -E
checking dependency style of gcc... gcc3
checking for library containing strerror... none required
checking for gawk... (cached) gawk
checking for grep that handles long lines and -e... /usr/bin/grep
checking for fgrep... /usr/bin/grep -F
checking how to print strings... printf
checking for a sed that does not truncate output... /usr/bin/sed
checking for egrep... /usr/bin/grep -E
checking for ld used by gcc... ld
checking if the linker (ld) is GNU ld... yes
checking for BSD- or MS-compatible name lister (nm)... nm
checking the name lister (nm) interface... BSD nm
checking whether ln -s works... no, using cp -pR
checking the maximum length of command line arguments... 8192
checking how to convert aarch64-pc-cygwin file names to aarch64-pc-cygwin format... func_convert_file_noop
checking how to convert aarch64-pc-cygwin file names to toolchain format... func_convert_file_noop
checking for ld option to reload object files... -r
checking for file... file
checking for objdump... objdump
checking how to recognize dependent libraries... file_magic ^x86 archive import|^x86 DLL
checking for dlltool... dlltool
checking how to associate runtime and link libraries... func_cygming_dll_for_implib
checking for ranlib... ranlib
checking for archiver @FILE support... @
checking for strip... strip
checking command to parse nm output from gcc object... ok
checking for sysroot... no
checking for a working dd... /usr/bin/dd
checking how to truncate binary pipes... /usr/bin/dd bs=4096 count=1
checking for mt... no
checking if : is a manifest tool... no
checking for dlfcn.h... yes
checking for as... as
checking for dlltool... (cached) dlltool
checking for objdump... (cached) objdump
checking for objdir... .libs
checking if gcc supports -fno-rtti -fno-exceptions... no
checking for gcc option to produce PIC... -DDLL_EXPORT -DPIC
checking if gcc PIC flag -DDLL_EXPORT -DPIC works... yes
checking if gcc static flag -static works... yes
checking if gcc supports -c -o file.o... yes
checking if gcc supports -c -o file.o... (cached) yes
checking whether the gcc linker (ld) supports shared libraries... yes
checking whether -lc should be explicitly linked in... yes
checking dynamic linker characteristics... Win32 ld.exe
checking how to hardcode library paths into programs... immediate
checking whether stripping libraries is possible... yes
checking if libtool supports shared libraries... yes
checking whether to build shared libraries... yes
checking whether to build static libraries... yes
checking for windres... windres
checking whether byte ordering is bigendian... no
checking size of unsigned short... 2
checking size of unsigned int... 4
checking size of unsigned long... 8
checking size of unsigned long long... 8
checking size of unsigned __int128... 16
checking size of void *... 8
checking for uintptr_t... yes
checking for UINT64_C... yes
checking size of uint64_t... 8
checking which symmetric ciphers to include... arcfour blowfish cast5 des aes twofish serpent rfc2268 seed camellia idea salsa20 gost28147 chacha20 sm4 aria
checking which public-key ciphers to include... dsa elgamal rsa ecc kyber dilithium
checking which message digests to include... crc gostr3411-94  md4 md5 rmd160 sha1 sha256 sha512 sha3 tiger whirlpool stribog blake2 sm3
checking which key derivation functions to include... s2k pkdf2 scrypt
checking which random module to use... default
checking whether use of /dev/random is requested... yes
checking whether MPI and cipher assembler modules are requested... no
checking whether to run large data tests... no
checking whether 'soft' HW feature bits are forced on... no
checking whether use of capabilities is requested... no
checking whether a HMAC binary check is requested... no
checking whether jitter entropy support is requested... yes
checking whether padlock support is requested... yes
checking whether AESNI support is requested... yes
checking whether SHAEXT support is requested... yes
checking whether PCLMUL support is requested... yes
checking whether SSE4.1 support is requested... yes
checking whether DRNG support is requested... yes
checking whether AVX support is requested... yes
checking whether AVX2 support is requested... yes
checking whether AVX512 support is requested... yes
checking whether GFNI support is requested... yes
checking whether NEON support is requested... yes
checking whether ARMv8 Crypto Extension support is requested... yes
checking whether SVE support is requested... yes
checking whether SVE2 support is requested... yes
checking whether PPC crypto support is requested... yes
checking whether a -O flag munging is requested... yes
checking whether a instrumentation (-fprofile, -fsanitize) munging is requested... yes
checking whether to enable AMD64 as(1) feature detection... yes
checking for gpg-error-config... /c/ap13-dcb/gnupg-core-01/builds/libgcrypt-1.12.2-1-04/sdk/usr/bin/gpg-error-config
checking for gpgrt-config... /c/ap13-dcb/gnupg-core-01/builds/libgcrypt-1.12.2-1-04/sdk/usr/bin/gpgrt-config
configure: Use gpgrt-config with /c/ap13-dcb/gnupg-core-01/builds/libgcrypt-1.12.2-1-04/sdk/usr/lib as gpg-error-config
checking for GPG Error - version >= 1.56... 