Configuring SQLite version 3.53.4
Host System...aarch64-pc-cygwin
Build System...aarch64-pc-cygwin
Source dir = C:/ag-sqlite-e138-01/prepared/source
Build dir  = C:/ag-sqlite-e138-01/build-host-config-01
C compiler... C:/ag-sqlite-e138-01/compiler/bin/gcc.exe -O2 -g -fstack-protector-strong -pipe -D_FORTIFY_SOURCE=2 -DSQLITE_ENABLE_DBSTAT_VTAB=1 -DSQLITE_ENABLE_DBPAGE_VTAB=1 -DSQLITE_ENABLE_STAT4=1 -DSQLITE_ENABLE_UNLOCK_NOTIFY=1 -DSQLITE_ENABLE_UPDATE_DELETE_LIMIT=1 -DSQLITE_OMIT_LOOKASIDE -DSQLITE_SECURE_DELETE=1 -DSQLITE_ENABLE_SESSION=1 -DSQLITE_ENABLE_PREUPDATE_HOOK=1 -DSQLITE_SOUNDEX=1 -DSQLITE_TEMP_STORE=1 -DSQLITE_USE_FCNTL_TRACE=1 -DUSE_SYSTEM_SQLITE=1 -DSQLITE_ENABLE_FTS3_PARENTHESIS=1 -DSQLITE_ENABLE_COLUMN_METADATA=1 -DSQLITE_USE_ALLOCA=1 -DSQLITE_ENABLE_EXPLAIN_COMMENTS=1 -DSQLITE_ENABLE_STMTVTAB=1 -DSQLITE_HAVE_ZLIB=1 -DSQLITE_ENABLE_MATH_FUNCTIONS=1 -IC:/ag-sqlite-e138-01/zlib/usr/include -IC:/ag-sqlite-e138-01/readline/usr/include -IC:/ag-sqlite-e138-01/ncurses/usr/include/ncursesw
C++ compiler... C:/ag-sqlite-e138-01/compiler/bin/g++.exe -O2 -g -fstack-protector-strong -pipe -D_FORTIFY_SOURCE=2 -DSQLITE_ENABLE_DBSTAT_VTAB=1 -DSQLITE_ENABLE_DBPAGE_VTAB=1 -DSQLITE_ENABLE_STAT4=1 -DSQLITE_ENABLE_UNLOCK_NOTIFY=1 -DSQLITE_ENABLE_UPDATE_DELETE_LIMIT=1 -DSQLITE_OMIT_LOOKASIDE -DSQLITE_SECURE_DELETE=1 -DSQLITE_ENABLE_SESSION=1 -DSQLITE_ENABLE_PREUPDATE_HOOK=1 -DSQLITE_SOUNDEX=1 -DSQLITE_TEMP_STORE=1 -DSQLITE_USE_FCNTL_TRACE=1 -DUSE_SYSTEM_SQLITE=1 -DSQLITE_ENABLE_FTS3_PARENTHESIS=1 -DSQLITE_ENABLE_COLUMN_METADATA=1 -DSQLITE_USE_ALLOCA=1 -DSQLITE_ENABLE_EXPLAIN_COMMENTS=1 -DSQLITE_ENABLE_STMTVTAB=1 -DSQLITE_HAVE_ZLIB=1 -DSQLITE_ENABLE_MATH_FUNCTIONS=1 -IC:/ag-sqlite-e138-01/zlib/usr/include -IC:/ag-sqlite-e138-01/readline/usr/include -IC:/ag-sqlite-e138-01/ncurses/usr/include/ncursesw
Build C compiler...C:/ag-sqlite-e138-01/compiler/bin/gcc.exe
Checking for stdlib.h...ok
Checking for sys/types.h...ok
Checking if -D_FILE_OFFSET_BITS=64 is needed...no
SQLITE_DEBUG build? no
Looking for install ... C:/ag-sqlite-e138-01/bootstrap/usr/bin/install
Checking for int8_t...ok
Checking for int16_t...ok
Checking for int32_t...ok
Checking for int64_t...ok
Checking for intptr_t...ok
Checking for uint8_t...ok
Checking for uint16_t...ok
Checking for uint32_t...ok
Checking for uint64_t...ok
Checking for uintptr_t...ok
Checking for gmtime_r...ok
Checking for isnan...ok
Checking for localtime_r...ok
Checking for localtime_s...not found
Checking for usleep...ok
Checking for utime...ok
Checking for pread...ok
Checking for pread64...not found
Checking for pwrite...ok
Checking for pwrite64...not found
Checking libs for fdatasync...none needed
Checking libs for nanosleep...none needed
Checking for sys/types.h...(cached) ok
Checking for sys/stat.h...ok
Checking for dlfcn.h...ok
Checking for unistd.h...ok
Checking for stdlib.h...ok
Checking for malloc.h...ok
Checking for memory.h...ok
Checking for string.h...ok
Checking for strings.h...ok
Checking for inttypes.h...ok
Checking for zlib.h...ok
Checking libs for deflate...-lz
Use amalgamation for builds? yes
Use gcov? no
test-runner flags: no
Use #line macros in the amalgamation: no
Checking whether the C compiler accepts -fsanitize=address...yes
Checking whether the C compiler accepts -fsanitize=bounds-strict...yes
C:/ag-sqlite-e138-01/prepared/source/autosetup/proj.tcl:1632: Error: /usr/bin/sh: line 14: unexpected EOF while looking for matching `"'
