PCACHETRACE: xInit(0x0)
PCACHETRACE: xInit(0x0) -> 0
PCACHETRACE: xCreate(4096,216,1)
PCACHETRACE: xCreate(4096,216,1) -> 0xa00001788
PCACHETRACE: xCachesize(0xa00001788, 100)
PCACHETRACE: xCachesize(0xa00001788, 483)
PCACHETRACE: xFetch(0xa00001788,1,2)
PCACHETRACE: xFetch(0xa00001788,1,2) -> 0xa0001b0b8
PCACHETRACE: xCachesize(0xa00001788, 483)
PCACHETRACE: xUnpin(0xa00001788, 0xa0001b0b8, 0)
PCACHETRACE: xFetch(0xa00001788,1,2)
PCACHETRACE: xFetch(0xa00001788,1,2) -> 0xa0001b0b8
PCACHETRACE: xFetch(0xa00001788,2,1)
PCACHETRACE: xFetch(0xa00001788,2,1) -> 0xa00019fa8
PCACHETRACE: xFetch(0xa00001788,1,1)
PCACHETRACE: xFetch(0xa00001788,1,1) -> 0xa0001b0b8
PCACHETRACE: xFetch(0xa00001788,1,1)
PCACHETRACE: xFetch(0xa00001788,1,1) -> 0xa0001b0b8
PCACHETRACE: xFetch(0xa00001788,1,1)
PCACHETRACE: xFetch(0xa00001788,1,1) -> 0xa0001b0b8
PCACHETRACE: xFetch(0xa00001788,1,1)
PCACHETRACE: xFetch(0xa00001788,1,1) -> 0xa0001b0b8
PCACHETRACE: xUnpin(0xa00001788, 0xa00019fa8, 0)
PCACHETRACE: xTruncate(0xa00001788, 3)
PCACHETRACE: xUnpin(0xa00001788, 0xa0001b0b8, 0)
PCACHETRACE: xFetch(0xa00001788,1,2)
PCACHETRACE: xFetch(0xa00001788,1,2) -> 0xa0001b0b8
PCACHETRACE: xFetch(0xa00001788,2,2)
PCACHETRACE: xFetch(0xa00001788,2,2) -> 0xa00019fa8
PCACHETRACE: xFetch(0xa00001788,1,1)
PCACHETRACE: xFetch(0xa00001788,1,1) -> 0xa0001b0b8
PCACHETRACE: xUnpin(0xa00001788, 0xa00019fa8, 0)
PCACHETRACE: xTruncate(0xa00001788, 3)
PCACHETRACE: xUnpin(0xa00001788, 0xa0001b0b8, 0)
PCACHETRACE: xFetch(0xa00001788,1,2)
PCACHETRACE: xFetch(0xa00001788,1,2) -> 0xa0001b0b8
PCACHETRACE: xFetch(0xa00001788,1,2)
PCACHETRACE: xFetch(0xa00001788,1,2) -> 0xa0001b0b8
PCACHETRACE: xUnpin(0xa00001788, 0xa0001b0b8, 0)
PCACHETRACE: xFetch(0xa00001788,1,2)
PCACHETRACE: xFetch(0xa00001788,1,2) -> 0xa0001b0b8
PCACHETRACE: xFetch(0xa00001788,1,2)
PCACHETRACE: xFetch(0xa00001788,1,2) -> 0xa0001b0b8
PCACHETRACE: xFetch(0xa00001788,2,2)
PCACHETRACE: xFetch(0xa00001788,2,2) -> 0xa00019fa8
PCACHETRACE: xUnpin(0xa00001788, 0xa00019fa8, 0)
PCACHETRACE: xFetch(0xa00001788,1,2)
PCACHETRACE: xFetch(0xa00001788,1,2) -> 0xa0001b0b8
PCACHETRACE: xFetch(0xa00001788,1,2)
PCACHETRACE: xFetch(0xa00001788,1,2) -> 0xa0001b0b8
PCACHETRACE: xCreate(4096,216,1)
PCACHETRACE: xCreate(4096,216,1) -> 0xa0001ba58
PCACHETRACE: xCachesize(0xa0001ba58, 100)
PCACHETRACE: xCachesize(0xa0001ba58, 483)
PCACHETRACE: xFetch(0xa0001ba58,1,2)
PCACHETRACE: xFetch(0xa0001ba58,1,2) -> 0xa00044fa8
PCACHETRACE: xFetch(0xa0001ba58,2,1)
PCACHETRACE: xFetch(0xa0001ba58,2,1) -> 0xa00043e98
PCACHETRACE: xFetch(0xa0001ba58,2,1)
PCACHETRACE: xFetch(0xa0001ba58,2,1) -> 0xa00043e98
PCACHETRACE: xTruncate(0xa0001ba58, 3)
PCACHETRACE: xUnpin(0xa0001ba58, 0xa00044fa8, 0)
PCACHETRACE: xUnpin(0xa0001ba58, 0xa00043e98, 0)
PCACHETRACE: xTruncate(0xa0001ba58, 1)
PCACHETRACE: xTruncate(0xa0001ba58, 3)
PCACHETRACE: xDestroy(0xa0001ba58)
PCACHETRACE: xUnpin(0xa00001788, 0xa0001b0b8, 0)
PCACHETRACE: xTruncate(0xa00001788, 1)
PCACHETRACE: xDestroy(0xa00001788)
PCACHETRACE: xCreate(4096,216,1)
PCACHETRACE: xCreate(4096,216,1) -> 0xa00013458
PCACHETRACE: xCachesize(0xa00013458, 100)
PCACHETRACE: xCachesize(0xa00013458, 483)
PCACHETRACE: xFetch(0xa00013458,1,2)
PCACHETRACE: xFetch(0xa00013458,1,2) -> 0xa00032bc8
PCACHETRACE: xCachesize(0xa00013458, 483)
PCACHETRACE: xFetch(0xa00013458,1,2)
PCACHETRACE: xFetch(0xa00013458,1,2) -> 0xa00032bc8
PCACHETRACE: xUnpin(0xa00013458, 0xa00032bc8, 0)
PCACHETRACE: xFetch(0xa00013458,1,2)
PCACHETRACE: xFetch(0xa00013458,1,2) -> 0xa00032bc8
PCACHETRACE: xFetch(0xa00013458,2,2)
PCACHETRACE: xFetch(0xa00013458,2,2) -> 0xa00031ab8
PCACHETRACE: xFetch(0xa00013458,1,1)
PCACHETRACE: xFetch(0xa00013458,1,1) -> 0xa00032bc8
PCACHETRACE: xUnpin(0xa00013458, 0xa00031ab8, 0)
PCACHETRACE: xTruncate(0xa00013458, 3)
PCACHETRACE: xUnpin(0xa00013458, 0xa00032bc8, 0)
PCACHETRACE: xTruncate(0xa00013458, 1)
PCACHETRACE: xDestroy(0xa00013458)
PCACHETRACE: xShutdown(0x0)
sqlite-native-helper-apis-passed
