TCL PHASE inherited
TCL WOARM64_ENV_INHERITED=<inherited-marker>
TCL WOARM64_ENV_NEW=<absent>
TCL CCACHE_DISABLE=<1>
TCL TMPDIR=</c/ag-sqlite-e138-01/temp>
TCL PATH=</c/ag-sqlite-e138-01/environment-differential-02/path-marker:/usr/bin:/c/ag-sqlite-e138-01/compiler/bin:/c/ag-sqlite-e138-01/bootstrap/usr/bin:/c/Windows/System32>
TCL MSYSTEM=<CYGWIN>
native-C PHASE child runtime=C:\ag-sqlite-e138-01\tcl\usr\bin\msys-2.0.dll long=8 pointer=8
native-C WOARM64_ENV_INHERITED POSIX=<inherited-marker> WIN32=<absent>
native-C WOARM64_ENV_NEW POSIX=<absent> WIN32=<absent>
native-C CCACHE_DISABLE POSIX=<1> WIN32=<absent>
native-C TMPDIR POSIX=</c/ag-sqlite-e138-01/temp> WIN32=<absent>
native-C PATH POSIX=</c/ag-sqlite-e138-01/environment-differential-02/path-marker:/usr/bin:/c/ag-sqlite-e138-01/compiler/bin:/c/ag-sqlite-e138-01/bootstrap/usr/bin:/c/Windows/System32> WIN32=<C:\ag-sqlite-e138-01\environment-differential-02\path-marker;C:\ag-sqlite-e138-01\tcl\usr\bin;C:\ag-sqlite-e138-01\compiler\bin;C:\ag-sqlite-e138-01\bootstrap\usr\bin;C:\Windows\System32>
native-C MSYSTEM POSIX=<CYGWIN> WIN32=<CYGWIN>
foreign-MSYS-bash inherited=<absent> new=<absent> CCACHE_DISABLE=<absent> TMPDIR=<absent>
foreign-MSYS-bash PATH=</c/ag-sqlite-e138-01/environment-differential-02/path-marker:/c/ag-sqlite-e138-01/tcl/usr/bin:/c/ag-sqlite-e138-01/compiler/bin:/usr/bin:/c/Windows/System32> MSYSTEM=<CYGWIN> SYSTEMROOT-present=yes WINDIR-present=yes
{"child": "native-Windows-Python", "environment": {"CCACHE_DISABLE": "1", "MSYSTEM": "CYGWIN", "PATH": "C:\\ag-sqlite-e138-01\\environment-differential-02\\path-marker;C:\\ag-sqlite-e138-01\\tcl\\usr\\bin;C:\\ag-sqlite-e138-01\\compiler\\bin;C:\\ag-sqlite-e138-01\\bootstrap\\usr\\bin;C:\\Windows\\System32", "TMPDIR": "C:\\ag-sqlite-e138-01\\temp", "WOARM64_ENV_INHERITED": "inherited-marker", "WOARM64_ENV_NEW": null}, "system_variables_present": {"SYSTEMROOT": true, "WINDIR": true}}
TCL PHASE mutated
TCL WOARM64_ENV_INHERITED=<tcl-replaced>
TCL WOARM64_ENV_NEW=<tcl-new>
TCL CCACHE_DISABLE=<tcl-marker>
TCL TMPDIR=</c/ag-sqlite-e138-01/temp>
TCL PATH=</c/ag-sqlite-e138-01/environment-differential-02/path-marker:/usr/bin:/c/ag-sqlite-e138-01/compiler/bin:/c/ag-sqlite-e138-01/bootstrap/usr/bin:/c/Windows/System32>
TCL MSYSTEM=<CYGWIN>
native-C PHASE child runtime=C:\ag-sqlite-e138-01\tcl\usr\bin\msys-2.0.dll long=8 pointer=8
native-C WOARM64_ENV_INHERITED POSIX=<tcl-replaced> WIN32=<absent>
native-C WOARM64_ENV_NEW POSIX=<tcl-new> WIN32=<absent>
native-C CCACHE_DISABLE POSIX=<tcl-marker> WIN32=<absent>
native-C TMPDIR POSIX=</c/ag-sqlite-e138-01/temp> WIN32=<absent>
native-C PATH POSIX=</c/ag-sqlite-e138-01/environment-differential-02/path-marker:/usr/bin:/c/ag-sqlite-e138-01/compiler/bin:/c/ag-sqlite-e138-01/bootstrap/usr/bin:/c/Windows/System32> WIN32=<C:\ag-sqlite-e138-01\environment-differential-02\path-marker;C:\ag-sqlite-e138-01\tcl\usr\bin;C:\ag-sqlite-e138-01\compiler\bin;C:\ag-sqlite-e138-01\bootstrap\usr\bin;C:\Windows\System32>
native-C MSYSTEM POSIX=<CYGWIN> WIN32=<CYGWIN>
foreign-MSYS-bash inherited=<absent> new=<absent> CCACHE_DISABLE=<absent> TMPDIR=<absent>
foreign-MSYS-bash PATH=</c/ag-sqlite-e138-01/environment-differential-02/path-marker:/c/ag-sqlite-e138-01/tcl/usr/bin:/c/ag-sqlite-e138-01/compiler/bin:/usr/bin:/c/Windows/System32> MSYSTEM=<CYGWIN> SYSTEMROOT-present=yes WINDIR-present=yes
{"child": "native-Windows-Python", "environment": {"CCACHE_DISABLE": "tcl-marker", "MSYSTEM": "CYGWIN", "PATH": "C:\\ag-sqlite-e138-01\\environment-differential-02\\path-marker;C:\\ag-sqlite-e138-01\\tcl\\usr\\bin;C:\\ag-sqlite-e138-01\\compiler\\bin;C:\\ag-sqlite-e138-01\\bootstrap\\usr\\bin;C:\\Windows\\System32", "TMPDIR": "C:\\ag-sqlite-e138-01\\temp", "WOARM64_ENV_INHERITED": "tcl-replaced", "WOARM64_ENV_NEW": "tcl-new"}, "system_variables_present": {"SYSTEMROOT": true, "WINDIR": true}}
