$ C:\ap10-ca5f\git-full-01\bootstrap\usr\bin\bash.exe --noprofile --norc -lc "export PATH=/usr/bin; cd \"$(cygpath -u \"$RECIPE\")\"; exec makepkg --config \"$(cygpath -u \"$CONFIG\")\" --nodeps --cleanbuild --force --noconfirm"
==> Making package: zlib 1.3.2-1 (Fri Sep 11 07:43:51 2026)
==> Retrieving sources...
==> Removing existing $srcdir/ directory...
==> Extracting sources...
==> Starting package_zlib()...
==> Tidying install...
==> Checking for packaging issues...
==> Creating package "zlib"...
  -> Generating .PKGINFO file...
  -> Generating .BUILDINFO file...
  -> Generating .MTREE file...
  -> Compressing package...
==> Starting package_zlib-devel()...
==> Tidying install...
==> Checking for packaging issues...
==> Creating package "zlib-devel"...
  -> Generating .PKGINFO file...
  -> Generating .BUILDINFO file...
  -> Generating .MTREE file...
  -> Compressing package...
==> Finished making: zlib 1.3.2-1 (Fri Sep 11 07:44:09 2026)

--- stderr ---
==> WARNING: Skipping dependency checks.
