$ C:\ap10-ca5f\git-full-01\bootstrap\usr\bin\bash.exe --noprofile --norc -lc "export PATH=/usr/bin; cd \"$(cygpath -u \"$RECIPE\")\"; exec makepkg --config \"$(cygpath -u \"$CONFIG\")\" --nodeps --cleanbuild --force --noconfirm"
==> Making package: openssl 3.6.4-1 (Fri Sep 11 07:41:59 2026)
==> Retrieving sources...
==> Removing existing $srcdir/ directory...
==> Extracting sources...
==> Starting package_openssl()...
==> Tidying install...
==> Checking for packaging issues...
==> Creating package "openssl"...
  -> Generating .PKGINFO file...
  -> Generating .BUILDINFO file...
  -> Generating .MTREE file...
  -> Compressing package...
==> Starting package_libopenssl()...
==> Tidying install...
==> Checking for packaging issues...
==> Creating package "libopenssl"...
  -> Generating .PKGINFO file...
  -> Generating .BUILDINFO file...
  -> Generating .MTREE file...
  -> Compressing package...
==> Starting package_openssl-devel()...
==> Tidying install...
==> Checking for packaging issues...
==> Creating package "openssl-devel"...
  -> Generating .PKGINFO file...
  -> Generating .BUILDINFO file...
  -> Generating .MTREE file...
  -> Compressing package...
==> Starting package_openssl-docs()...
==> Tidying install...
==> Checking for packaging issues...
==> Creating package "openssl-docs"...
  -> Generating .PKGINFO file...
  -> Generating .BUILDINFO file...
  -> Generating .MTREE file...
  -> Compressing package...
==> Finished making: openssl 3.6.4-1 (Fri Sep 11 07:43:44 2026)

--- stderr ---
==> WARNING: Skipping dependency checks.
