$ C:\ap10-ca5f\git-full-01\bootstrap\usr\bin\bash.exe --noprofile --norc -lc "export PATH=/usr/bin; cd \"$(cygpath -u \"$RECIPE\")\"; exec makepkg --config \"$(cygpath -u \"$CONFIG\")\" --nodeps --cleanbuild --force --noconfirm"
==> Making package: libxcrypt 4.5.2-1 (Fri Sep 11 07:44:16 2026)
==> Retrieving sources...
==> Removing existing $srcdir/ directory...
==> Extracting sources...
==> Starting package_libxcrypt()...
==> Tidying install...
==> Checking for packaging issues...
==> Creating package "libxcrypt"...
  -> Generating .PKGINFO file...
  -> Generating .BUILDINFO file...
  -> Generating .MTREE file...
  -> Compressing package...
==> Starting package_libxcrypt-devel()...
==> Tidying install...
==> Checking for packaging issues...
==> Creating package "libxcrypt-devel"...
  -> Generating .PKGINFO file...
  -> Generating .BUILDINFO file...
  -> Generating .MTREE file...
  -> Compressing package...
==> Finished making: libxcrypt 4.5.2-1 (Fri Sep 11 07:44:35 2026)

--- stderr ---
==> WARNING: Skipping dependency checks.
