Invoked as: /c/ag-sqlite-e138-01/prepared/source/configure --prefix=/usr --sysconfdir=/etc --localstatedir=/var --build=aarch64-pc-cygwin --enable-shared --enable-static --enable-readline --disable-editline --out-implib --soname=legacy --dll-basename=msys-sqlite3-0 --all --with-tcl=/c/ag-sqlite-e138-01/tcl-config-windows --with-readline-cflags=-IC:/ag-sqlite-e138-01/readline/usr/include "--with-readline-ldflags=-LC:/ag-sqlite-e138-01/readline/usr/lib -lreadline -LC:/ag-sqlite-e138-01/ncurses/usr/lib -lncursesw"
Tclsh: /usr/bin/jimsh
Failed: /c/ag-sqlite-e138-01/compiler/bin/gcc.exe -c -O2 -g -fstack-protector-strong -pipe -D_FORTIFY_SOURCE=2 -DSQLITE_SECURE_DELETE=1 -DSQLITE_SOUNDEX=1 -DSQLITE_TEMP_STORE=1 -DSQLITE_USE_FCNTL_TRACE=1 -DUSE_SYSTEM_SQLITE=1 -DSQLITE_USE_ALLOCA=1 -DSQLITE_HAVE_ZLIB=1 -IC:/ag-sqlite-e138-01/zlib/usr/include -IC:/ag-sqlite-e138-01/readline/usr/include -IC:/ag-sqlite-e138-01/ncurses/usr/include/ncursesw conftest__.c -o conftest__.o
conftest__.c: In function 'main':
conftest__.c:3:12: error: size of array '_x' is negative
    3 | static int _x[sizeof(off_t) == 4 ? 1 : -1] = { 1 };
      |            ^~
============
The failed code was:
#include <sys/types.h>
int main(void) {
static int _x[sizeof(off_t) == 4 ? 1 : -1] = { 1 };
return 0;
}
============
Failed: /c/ag-sqlite-e138-01/compiler/bin/gcc.exe -Wl,--no-insert-timestamp -LC:/ag-sqlite-e138-01/zlib/usr/lib -LC:/ag-sqlite-e138-01/readline/usr/lib -LC:/ag-sqlite-e138-01/ncurses/usr/lib -LC:/ag-sqlite-e138-01/tcl/usr/lib -O2 -g -fstack-protector-strong -pipe -D_FORTIFY_SOURCE=2 conftest__.c -o conftest__
C:/ag-sqlite-e138-01/compiler/bin/../lib/gcc/aarch64-pc-cygwin/15.0.1/../../../../aarch64-pc-cygwin/bin/ld.exe: C:\ag-sqlite-e138-01\temp\ccFUlvIk.o: in function `main':
C:\ag-sqlite-e138-01\build-06/conftest__.c:3:(.text.startup+0x14): undefined reference to `localtime_s'
collect2.exe: error: ld returned 1 exit status
============
The failed code was:
extern void localtime_s(void);
int main(void) {
localtime_s();
return 0;
}
============
Failed: /c/ag-sqlite-e138-01/compiler/bin/gcc.exe -Wl,--no-insert-timestamp -LC:/ag-sqlite-e138-01/zlib/usr/lib -LC:/ag-sqlite-e138-01/readline/usr/lib -LC:/ag-sqlite-e138-01/ncurses/usr/lib -LC:/ag-sqlite-e138-01/tcl/usr/lib -O2 -g -fstack-protector-strong -pipe -D_FORTIFY_SOURCE=2 conftest__.c -o conftest__
C:/ag-sqlite-e138-01/compiler/bin/../lib/gcc/aarch64-pc-cygwin/15.0.1/../../../../aarch64-pc-cygwin/bin/ld.exe: C:\ag-sqlite-e138-01\temp\ccbzA8Q4.o: in function `main':
C:\ag-sqlite-e138-01\build-06/conftest__.c:3:(.text.startup+0x14): undefined reference to `pread64'
collect2.exe: error: ld returned 1 exit status
============
The failed code was:
extern void pread64(void);
int main(void) {
pread64();
return 0;
}
============
Failed: /c/ag-sqlite-e138-01/compiler/bin/gcc.exe -Wl,--no-insert-timestamp -LC:/ag-sqlite-e138-01/zlib/usr/lib -LC:/ag-sqlite-e138-01/readline/usr/lib -LC:/ag-sqlite-e138-01/ncurses/usr/lib -LC:/ag-sqlite-e138-01/tcl/usr/lib -O2 -g -fstack-protector-strong -pipe -D_FORTIFY_SOURCE=2 conftest__.c -o conftest__
C:/ag-sqlite-e138-01/compiler/bin/../lib/gcc/aarch64-pc-cygwin/15.0.1/../../../../aarch64-pc-cygwin/bin/ld.exe: C:\ag-sqlite-e138-01\temp\cc0GWrbj.o: in function `main':
C:\ag-sqlite-e138-01\build-06/conftest__.c:3:(.text.startup+0x14): undefined reference to `pwrite64'
collect2.exe: error: ld returned 1 exit status
============
The failed code was:
extern void pwrite64(void);
int main(void) {
pwrite64();
return 0;
}
============
Failed: /c/ag-sqlite-e138-01/compiler/bin/gcc.exe -Wl,--no-insert-timestamp -LC:/ag-sqlite-e138-01/zlib/usr/lib -LC:/ag-sqlite-e138-01/readline/usr/lib -LC:/ag-sqlite-e138-01/ncurses/usr/lib -LC:/ag-sqlite-e138-01/tcl/usr/lib -O2 -g -fstack-protector-strong -pipe -D_FORTIFY_SOURCE=2 conftest__.c -o conftest__
C:/ag-sqlite-e138-01/compiler/bin/../lib/gcc/aarch64-pc-cygwin/15.0.1/../../../../aarch64-pc-cygwin/bin/ld.exe: C:\ag-sqlite-e138-01\temp\cc1YPsyW.o: in function `main':
C:\ag-sqlite-e138-01\build-06/conftest__.c:3:(.text.startup+0x14): undefined reference to `deflate'
collect2.exe: error: ld returned 1 exit status
============
The failed code was:
extern void deflate(void);
int main(void) {
deflate();
return 0;
}
============
Failed: /c/ag-sqlite-e138-01/compiler/bin/gcc.exe -Wl,--no-insert-timestamp -LC:/ag-sqlite-e138-01/zlib/usr/lib -LC:/ag-sqlite-e138-01/readline/usr/lib -LC:/ag-sqlite-e138-01/ncurses/usr/lib -LC:/ag-sqlite-e138-01/tcl/usr/lib -rpath /usr/lib -O2 -g -fstack-protector-strong -pipe -D_FORTIFY_SOURCE=2 conftest__.c -o conftest__
gcc.exe: error: unrecognized command-line option '-rpath'
============
The failed code was:
int main(void) {

return 0;
}
============
