sqlite-native-tcl-path-interop-passed /usr/bin/tclsh8.6 8.6.12
Configuring SQLite version 3.53.4
Host System...aarch64-pc-cygwin
Build System...aarch64-pc-cygwin
Source dir = /c/ag-sqlite-e138-01/prepared/source
Build dir  = /c/ag-sqlite-e138-01/build-03
C compiler...ccache /c/ag-sqlite-e138-01/compiler/bin/gcc.exe -O2 -g -fstack-protector-strong -pipe -D_FORTIFY_SOURCE=2 -DSQLITE_ENABLE_DBSTAT_VTAB=1 -DSQLITE_ENABLE_DBPAGE_VTAB=1 -DSQLITE_ENABLE_STAT4=1 -DSQLITE_ENABLE_UNLOCK_NOTIFY=1 -DSQLITE_ENABLE_UPDATE_DELETE_LIMIT=1 -DSQLITE_OMIT_LOOKASIDE -DSQLITE_SECURE_DELETE=1 -DSQLITE_ENABLE_SESSION=1 -DSQLITE_ENABLE_PREUPDATE_HOOK=1 -DSQLITE_SOUNDEX=1 -DSQLITE_TEMP_STORE=1 -DSQLITE_USE_FCNTL_TRACE=1 -DUSE_SYSTEM_SQLITE=1 -DSQLITE_ENABLE_FTS3_PARENTHESIS=1 -DSQLITE_ENABLE_COLUMN_METADATA=1 -DSQLITE_USE_ALLOCA=1 -DSQLITE_ENABLE_EXPLAIN_COMMENTS=1 -DSQLITE_ENABLE_STMTVTAB=1 -DSQLITE_HAVE_ZLIB=1 -DSQLITE_ENABLE_MATH_FUNCTIONS=1 -I/c/ag-sqlite-e138-01/zlib/usr/include -I/c/ag-sqlite-e138-01/readline/usr/include -I/c/ag-sqlite-e138-01/ncurses/usr/include/ncursesw
C++ compiler...ccache /c/ag-sqlite-e138-01/compiler/bin/g++.exe -O2 -g -fstack-protector-strong -pipe -D_FORTIFY_SOURCE=2 -DSQLITE_ENABLE_DBSTAT_VTAB=1 -DSQLITE_ENABLE_DBPAGE_VTAB=1 -DSQLITE_ENABLE_STAT4=1 -DSQLITE_ENABLE_UNLOCK_NOTIFY=1 -DSQLITE_ENABLE_UPDATE_DELETE_LIMIT=1 -DSQLITE_OMIT_LOOKASIDE -DSQLITE_SECURE_DELETE=1 -DSQLITE_ENABLE_SESSION=1 -DSQLITE_ENABLE_PREUPDATE_HOOK=1 -DSQLITE_SOUNDEX=1 -DSQLITE_TEMP_STORE=1 -DSQLITE_USE_FCNTL_TRACE=1 -DUSE_SYSTEM_SQLITE=1 -DSQLITE_ENABLE_FTS3_PARENTHESIS=1 -DSQLITE_ENABLE_COLUMN_METADATA=1 -DSQLITE_USE_ALLOCA=1 -DSQLITE_ENABLE_EXPLAIN_COMMENTS=1 -DSQLITE_ENABLE_STMTVTAB=1 -DSQLITE_HAVE_ZLIB=1 -DSQLITE_ENABLE_MATH_FUNCTIONS=1 -I/c/ag-sqlite-e138-01/zlib/usr/include -I/c/ag-sqlite-e138-01/readline/usr/include -I/c/ag-sqlite-e138-01/ncurses/usr/include/ncursesw
Build C compiler...cc
Checking for stdlib.h...ok
Checking for sys/types.h...ok
Checking if -D_FILE_OFFSET_BITS=64 is needed...no
SQLITE_DEBUG build? no
Looking for install ... /c/ag-sqlite-e138-01/bootstrap/usr/bin/install
Checking for int8_t...ok
Checking for int16_t...ok
Checking for int32_t...ok
Checking for int64_t...ok
Checking for intptr_t...ok
Checking for uint8_t...ok
Checking for uint16_t...ok
Checking for uint32_t...ok
Checking for uint64_t...ok
Checking for uintptr_t...ok
Checking for gmtime_r...not found
Checking for isnan...not found
Checking for localtime_r...not found
Checking for localtime_s...not found
Checking for usleep...not found
Checking for utime...not found
Checking for pread...not found
Checking for pread64...not found
Checking for pwrite...not found
Checking for pwrite64...not found
Checking libs for fdatasync...no
Checking libs for nanosleep...no
Checking for sys/types.h...(cached) ok
Checking for sys/stat.h...ok
Checking for dlfcn.h...ok
Checking for unistd.h...ok
Checking for stdlib.h...ok
Checking for malloc.h...ok
Checking for memory.h...ok
Checking for string.h...ok
Checking for strings.h...ok
Checking for inttypes.h...ok
Checking for zlib.h...ok
Checking libs for deflate...no
Use amalgamation for builds? yes
Use gcov? no
test-runner flags: no
Use #line macros in the amalgamation: no
Checking whether the C compiler accepts -fsanitize=address...yes
Checking whether the C compiler accepts -fsanitize=bounds-strict...yes
Checking for a suitable tcl... 
Using tclConfig.sh: /c/ag-sqlite-e138-01/tcl-config/tclConfig.sh
Using tclsh: /c/ag-sqlite-e138-01/tcl/usr/bin/tclsh8.6
Checking for TCL to use for code generation... 
Checking for dirent.h...not found
Checking for sys/time.h...not found
TCL for code generation: /c/ag-sqlite-e138-01/tcl/usr/bin/tclsh8.6
Out-of tree build: not checking for EMSDK.
Statically link tclsqlite3? no
Statically link CLI shell? no
Checking whether the C compiler accepts -rpath /usr/lib...no
Checking whether the C compiler accepts -Wl,-rpath,/usr/lib...no
Checking whether the C compiler accepts -Wl,-rpath -Wl,/usr/lib ...no
Checking whether the C compiler accepts -Wl,-R/usr/lib...no
Checking whether the C compiler accepts -Wl,-R/usr/lib ...(cached) no
Checking whether the C compiler accepts -Wl,+b,/usr/lib...no
Checking whether the C compiler accepts -Wl,+b -Wl,/usr/lib ...no
Checking whether the C compiler accepts -Wl,-soname,libsqlite3.so.0...no
Checking whether the C compiler accepts -Wl,+h,libsqlite3.so.0...no
FATAL: [ sqlite-handle-soname ]: This environment does not support SONAME.
