make: Entering directory '/c/ar07-9047/g01/git-32c4f7689275d233577576630e1ac5b7eb354eb0/Documentation'
    GEN mergetools-diff.adoc
    GEN mergetools-merge.adoc
    GEN cmd-list.made
    GEN doc.dep
    GEN asciidoctor-extensions.rb
    * new asciidoc flags
    GEN docinfo.html
    ASCIIDOC git.html
    ASCIIDOC git.xml
    ASCIIDOC git-commit.html
    ASCIIDOC git-commit.xml
    ASCIIDOC gitignore.html
    ASCIIDOC gitignore.xml
    ASCIIDOC gitcli.html
    ASCIIDOC gitcli.xml
    ASCIIDOC git-bash.html
    ASCIIDOC git-bash.xml
    ASCIIDOC user-manual.xml
    XMLTO git.1
    XMLTO git-commit.1
    XMLTO gitignore.5
    XMLTO gitcli.7
    XMLTO git-bash.1
    XSLTPROC user-manual.html
Note: namesp. cut : stripped namespace before processing           Git User Manual
make: Leaving directory '/c/ar07-9047/g01/git-32c4f7689275d233577576630e1ac5b7eb354eb0/Documentation'
