git-add.html
git-am.html
git-annotate.html
git-apply.html
git-archimport.html
git-archive.html
git-backfill.html
git-bash.html
git-bisect.html
git-blame.html
git-branch.html
git-bugreport.html
git-bundle.html
git-cat-file.html
git-check-attr.html
git-check-ignore.html
git-check-mailmap.html
git-check-ref-format.html
git-checkout-index.html
git-checkout.html
git-cherry-pick.html
git-cherry.html
git-citool.html
git-clean.html
git-clone.html
git-column.html
git-commit-graph.html
git-commit-tree.html
git-commit.html
git-config.html
git-count-objects.html
git-credential-cache--daemon.html
git-credential-cache.html
git-credential-store.html
git-credential.html
git-cvsexportcommit.html
git-cvsimport.html
git-cvsserver.html
git-daemon.html
git-describe.html
git-diagnose.html
git-diff-files.html
git-diff-index.html
git-diff-pairs.html
git-diff-tree.html
git-diff.html
git-difftool.html
git-fast-export.html
git-fast-import.html
git-fetch-pack.html
git-fetch.html
git-filter-branch.html
git-fmt-merge-msg.html
git-for-each-ref.html
git-for-each-repo.html
git-format-patch.html
git-format-rev.html
git-fsck-objects.html
git-fsck.html
git-fsmonitor--daemon.html
git-gc.html
git-get-tar-commit-id.html
git-grep.html
git-gui.html
git-hash-object.html
git-help.html
git-history.html
git-hook.html
git-http-backend.html
git-http-fetch.html
git-http-push.html
git-imap-send.html
git-index-pack.html
git-init-db.html
git-init.html
git-instaweb.html
git-interpret-trailers.html
git-last-modified.html
git-log.html
git-ls-files.html
git-ls-remote.html
git-ls-tree.html
git-mailinfo.html
git-mailsplit.html
git-maintenance.html
git-merge-base.html
git-merge-file.html
git-merge-index.html
git-merge-one-file.html
git-merge-tree.html
git-merge.html
git-mergetool--lib.html
git-mergetool.html
git-mktag.html
git-mktree.html
git-multi-pack-index.html
git-mv.html
git-name-rev.html
git-notes.html
git-p4.html
git-pack-objects.html
git-pack-redundant.html
git-pack-refs.html
git-patch-id.html
git-prune-packed.html
git-prune.html
git-pull.html
git-push.html
git-quiltimport.html
git-range-diff.html
git-read-tree.html
git-rebase.html
git-receive-pack.html
git-reflog.html
git-refs.html
git-remote-ext.html
git-remote-fd.html
git-remote.html
git-repack.html
git-replace.html
git-replay.html
git-repo.html
git-request-pull.html
git-rerere.html
git-reset.html
git-restore.html
git-rev-list.html
git-rev-parse.html
git-revert.html
git-rm.html
git-send-email.html
git-send-pack.html
git-sh-i18n--envsubst.html
git-sh-i18n.html
git-sh-setup.html
git-shell.html
git-shortlog.html
git-show-branch.html
git-show-index.html
git-show-ref.html
git-show.html
git-sparse-checkout.html
git-stage.html
git-stash.html
git-status.html
git-stripspace.html
git-submodule.html
git-survey.html
git-svn.html
git-switch.html
git-symbolic-ref.html
git-tag.html
git-unpack-file.html
git-unpack-objects.html
git-update-index.html
git-update-ref.html
git-update-server-info.html
git-upload-archive.html
git-upload-pack.html
git-url-parse.html
git-var.html
git-verify-commit.html
git-verify-pack.html
git-verify-tag.html
git-version.html
git-web--browse.html
git-whatchanged.html
git-worktree.html
git-write-tree.html
git.html
gitk.html
gitweb.html
scalar.html
gitattributes.html
gitformat-bundle.html
gitformat-chunk.html
gitformat-commit-graph.html
gitformat-index.html
gitformat-loose.html
gitformat-pack.html
gitformat-signature.html
githooks.html
gitignore.html
gitmailmap.html
gitmodules.html
gitprotocol-capabilities.html
gitprotocol-common.html
gitprotocol-http.html
gitprotocol-pack.html
gitprotocol-v2.html
gitrepository-layout.html
gitweb.conf.html
gitcli.html
gitcore-tutorial.html
gitcredentials.html
gitcvs-migration.html
gitdatamodel.html
gitdiffcore.html
giteveryday.html
gitfaq.html
gitglossary.html
gitpacking.html
gitnamespaces.html
gitremote-helpers.html
gitrevisions.html
gitsubmodules.html
gittutorial-2.html
gittutorial.html
gitworkflows.html
howto-index.html
git-tools.html
git-bisect-lk2009.html
user-manual.html
howto/new-command.html
howto/revert-branch-rebase.html
howto/using-merge-subtree.html
howto/using-signed-tag-in-pull-request.html
howto/use-git-daemon.html
howto/update-hook-example.html
howto/setup-git-server-over-http.html
howto/separating-topic-branches.html
howto/revert-a-faulty-merge.html
howto/recover-corrupted-blob-object.html
howto/recover-corrupted-object-harder.html
howto/rebuild-from-update-hook.html
howto/rebase-from-internal-branch.html
howto/keep-canonical-history-correct.html
howto/maintain-git.html
howto/coordinate-embargoed-releases.html
technical/api-error-handling.html
technical/api-merge.html
technical/api-parse-options.html
technical/api-path-walk.html
technical/api-simple-ipc.html
technical/api-trace2.html
BreakingChanges.html
DecisionMaking.html
ReviewingGuidelines.html
MyFirstContribution.html
MyFirstObjectWalk.html
SubmittingPatches.html
ToolsForGit.html
technical/bitmap-format.html
technical/build-systems.html
technical/bundle-uri.html
technical/commit-graph.html
technical/directory-rename-detection.html
technical/hash-function-transition.html
technical/large-object-promisors.html
technical/long-running-process-protocol.html
technical/multi-pack-index.html
technical/packfile-uri.html
technical/pack-heuristics.html
technical/parallel-checkout.html
technical/partial-clone.html
technical/platform-support.html
technical/racy-git.html
technical/reftable.html
technical/remembering-renames.html
technical/repository-version.html
technical/rerere.html
technical/scalar.html
technical/send-pack-pipeline.html
technical/shallow.html
technical/sparse-checkout.html
technical/sparse-index.html
technical/trivial-merge.html
technical/unambiguous-types.html
technical/unit-tests.html
technical/api-index.html
everyday.html
git-remote-helpers.html
git-add.1
git-am.1
git-annotate.1
git-apply.1
git-archimport.1
git-archive.1
git-backfill.1
git-bash.1
git-bisect.1
git-blame.1
git-branch.1
git-bugreport.1
git-bundle.1
git-cat-file.1
git-check-attr.1
git-check-ignore.1
git-check-mailmap.1
git-check-ref-format.1
git-checkout-index.1
git-checkout.1
git-cherry-pick.1
git-cherry.1
git-citool.1
git-clean.1
git-clone.1
git-column.1
git-commit-graph.1
git-commit-tree.1
git-commit.1
git-config.1
git-count-objects.1
git-credential-cache--daemon.1
git-credential-cache.1
git-credential-store.1
git-credential.1
git-cvsexportcommit.1
git-cvsimport.1
git-cvsserver.1
git-daemon.1
git-describe.1
git-diagnose.1
git-diff-files.1
git-diff-index.1
git-diff-pairs.1
git-diff-tree.1
git-diff.1
git-difftool.1
git-fast-export.1
git-fast-import.1
git-fetch-pack.1
git-fetch.1
git-filter-branch.1
git-fmt-merge-msg.1
git-for-each-ref.1
git-for-each-repo.1
git-format-patch.1
git-format-rev.1
git-fsck-objects.1
git-fsck.1
git-fsmonitor--daemon.1
git-gc.1
git-get-tar-commit-id.1
git-grep.1
git-gui.1
git-hash-object.1
git-help.1
git-history.1
git-hook.1
git-http-backend.1
git-http-fetch.1
git-http-push.1
git-imap-send.1
git-index-pack.1
git-init-db.1
git-init.1
git-instaweb.1
git-interpret-trailers.1
git-last-modified.1
git-log.1
git-ls-files.1
git-ls-remote.1
git-ls-tree.1
git-mailinfo.1
git-mailsplit.1
git-maintenance.1
git-merge-base.1
git-merge-file.1
git-merge-index.1
git-merge-one-file.1
git-merge-tree.1
git-merge.1
git-mergetool--lib.1
git-mergetool.1
git-mktag.1
git-mktree.1
git-multi-pack-index.1
git-mv.1
git-name-rev.1
git-notes.1
git-p4.1
git-pack-objects.1
git-pack-redundant.1
git-pack-refs.1
git-patch-id.1
git-prune-packed.1
git-prune.1
git-pull.1
git-push.1
git-quiltimport.1
git-range-diff.1
git-read-tree.1
git-rebase.1
git-receive-pack.1
git-reflog.1
git-refs.1
git-remote-ext.1
git-remote-fd.1
git-remote.1
git-repack.1
git-replace.1
git-replay.1
git-repo.1
git-request-pull.1
git-rerere.1
git-reset.1
git-restore.1
git-rev-list.1
git-rev-parse.1
git-revert.1
git-rm.1
git-send-email.1
git-send-pack.1
git-sh-i18n--envsubst.1
git-sh-i18n.1
git-sh-setup.1
git-shell.1
git-shortlog.1
git-show-branch.1
git-show-index.1
git-show-ref.1
git-show.1
git-sparse-checkout.1
git-stage.1
git-stash.1
git-status.1
git-stripspace.1
git-submodule.1
git-survey.1
git-svn.1
git-switch.1
git-symbolic-ref.1
git-tag.1
git-unpack-file.1
git-unpack-objects.1
git-update-index.1
git-update-ref.1
git-update-server-info.1
git-upload-archive.1
git-upload-pack.1
git-url-parse.1
git-var.1
git-verify-commit.1
git-verify-pack.1
git-verify-tag.1
git-version.1
git-web--browse.1
git-whatchanged.1
git-worktree.1
git-write-tree.1
git.1
gitk.1
gitweb.1
scalar.1
gitattributes.5
gitformat-bundle.5
gitformat-chunk.5
gitformat-commit-graph.5
gitformat-index.5
gitformat-loose.5
gitformat-pack.5
gitformat-signature.5
githooks.5
gitignore.5
gitmailmap.5
gitmodules.5
gitprotocol-capabilities.5
gitprotocol-common.5
gitprotocol-http.5
gitprotocol-pack.5
gitprotocol-v2.5
gitrepository-layout.5
gitweb.conf.5
gitcli.7
gitcore-tutorial.7
gitcredentials.7
gitcvs-migration.7
gitdatamodel.7
gitdiffcore.7
giteveryday.7
gitfaq.7
gitglossary.7
gitpacking.7
gitnamespaces.7
gitremote-helpers.7
gitrevisions.7
gitsubmodules.7
gittutorial-2.7
gittutorial.7
gitworkflows.7
