--- dll hashes ---
24c34def01e21adca813e832b78f66a297e3293715e619aef2c28533648ffec1 *msys-crypt-2.dll
sha256sum: t/msys-crypt-2.dll: No such file or directory
e2a3be305e0906d49914f2dbf6f98765d7b733a2282cd88bc3109043744433a8 *msys-perl5_38.dll
sha256sum: t/msys-perl5_38.dll: No such file or directory
8349bef40909baa21991f402fc06a802e0f62ed34f911f278e2014da99350492 *perl.exe
8349bef40909baa21991f402fc06a802e0f62ed34f911f278e2014da99350492 *t/perl.exe
--- mount probe ---
Can't locate Cygwin.pm in @INC (you may need to install the Cygwin module) (@INC entries checked: lib /usr/lib/perl5/site_perl /usr/share/perl5/site_perl /usr/lib/perl5/vendor_perl /usr/share/perl5/vendor_perl /usr/lib/perl5/core_perl /usr/share/perl5/core_perl).
BEGIN failed--compilation aborted.
--- focused lib/cygwin.t ---
1..16
ok 1 - perl pid translates to itself
ok 2 - parent pid translates to itself
ok 3 - winpid to pid
ok 4 - pid to winpid
ok 5 - win to posix path: t/lib
ok 6 - posix to win path: t\lib
ok 7 - posix to absolute win path
ok 8 - win to absolute posix path
not ok 9 - check / for binmount
# Failed test 9 - check / for binmount at lib/cygwin.t line 46
#      got "1"
# expected ""
# Failed test 10 - check / mount_flags at lib/cygwin.t line 49
not ok 10 - check / mount_flags
ok 11 - check cygdrive mount_flags
ok 12 - cygdrive mount prefix  = /cygdrive
ok 13 - cygdrive mount prefix2 = /cygdrive
ok 14 - non empty mount_table
ok 15 - same root mount flags
ok 16 - bug\#38628 legacy
cygwin_rc=0
--- focused DB_File btree ---
1..197
ok 1
ok 2
ok 3
ok 4
ok 5
ok 6
ok 7
ok 8
ok 9
ok 10
ok 11
ok 12
ok 13
ok 14
ok 15
ok 16
ok 17
ok 18
ok 19
ok 20
ok 21
ok 22
ok 23
ok 24
ok 25
ok 26
ok 27
ok 28
ok 29
ok 30
ok 31
ok 32
ok 33
ok 34
ok 35
ok 36
ok 37
ok 38
ok 39
ok 40
ok 41
ok 42
ok 43
ok 44
ok 45
ok 46
ok 47
ok 48
ok 49
ok 50
ok 51
ok 52
ok 53
ok 54
ok 55
ok 56
ok 57
ok 58
ok 59
ok 60
ok 61
ok 62
ok 63
ok 64
ok 65
ok 66
ok 67
ok 68
ok 69
ok 70
ok 71
ok 72
ok 73
ok 74
ok 75
ok 76
ok 77
ok 78
ok 79
ok 80
ok 81
ok 82
ok 83
ok 84
ok 85
ok 86
ok 87
ok 88
ok 89
ok 90
ok 91
ok 92
ok 93
ok 94
ok 95
ok 96
ok 97
ok 98
ok 99
ok 100
ok 101
ok 102
ok 103
ok 104
ok 105
ok 106
ok 107
ok 108
ok 109
ok 110
ok 111
ok 112
ok 113
ok 114
ok 115
ok 116
ok 117
ok 118
ok 119
ok 120
ok 121
ok 122
ok 123
ok 124
ok 125
ok 126
ok 127
ok 128
ok 129
ok 130
ok 131
ok 132
ok 133
ok 134
ok 135
ok 136
ok 137
ok 138
ok 139
ok 140
ok 141
ok 142
ok 143
ok 144
ok 145
ok 146
ok 147
ok 148
ok 149
ok 150
ok 151
ok 152
ok 153
ok 154
ok 155
ok 156
ok 157
ok 158
ok 159
ok 160
ok 161
ok 162
ok 163
ok 164
ok 165
ok 166
ok 167
ok 168
ok 169
ok 170
ok 171
ok 172
ok 173
ok 174
ok 175
ok 176
ok 177
ok 178
ok 179
ok 180
ok 181
ok 182
ok 183
ok 184
ok 185
ok 186
ok 187
ok 188
ok 189
ok 190
ok 191
ok 192
ok 193
ok 194
ok 195
# db_ver 6.002032
ok 196
ok 197
db_btree_rc=0
--- fork smoke loop ---
fork_loop_ok
