Initialized empty Git repository in C:/ag-mvp-independent-sqlite-20260911/final-901256b-01/final ZIP verification/behavior/work/child/.git/
[main (root-commit) 9d0362f] initial
 1 file changed, 1 insertion(+)
 create mode 100644 payload.txt
Initialized empty Git repository in C:/ag-mvp-independent-sqlite-20260911/final-901256b-01/final ZIP verification/behavior/work/source/.git/
[main (root-commit) 85d9730] initial
 1 file changed, 1 insertion(+)
 create mode 100644 payload.txt
[main 597d8a7] hook-positive
 1 file changed, 1 insertion(+)
[main 1922445] after-negative
 1 file changed, 1 insertion(+)
Cloning into 'C:/ag-mvp-independent-sqlite-20260911/final-901256b-01/final ZIP verification/behavior/work/source/sub module'...
done.
[main cdac571] submodule
 2 files changed, 4 insertions(+)
 create mode 100644 .gitmodules
 create mode 160000 sub module
Cloning into 'C:/ag-mvp-independent-sqlite-20260911/final-901256b-01/final ZIP verification/behavior/work/clone'...
Submodule 'sub module' (C:/ag-mvp-independent-sqlite-20260911/final-901256b-01/final ZIP verification/behavior/work/child) registered for path 'sub module'
Cloning into 'C:/ag-mvp-independent-sqlite-20260911/final-901256b-01/final ZIP verification/behavior/work/clone/sub module'...
done.
Submodule path 'sub module': checked out '9d0362f5a1e950c38c01c5a34967a8a7a2910229'
Cloning into 'https-clone'...
NATIVE_MVP_BEHAVIOR_COMPLETE
