bash.exe: warning: could not find /tmp, please create!
Copying output to file /c/ag-sqlite-resume-01/upstream-shell5-01/shell5-verbose.txt
! shell5-1.8 expected: [0 {1,"this is 1"
2,"this is 2"
3,"this is 3"
4,"this is 4"
5,"this is 5"}]
! shell5-1.8 got:      [1 {1,"this is 1"
2,"this is 2"
3,"this is 3"
4,"this is 4"
5,"this is 5"
bash.exe: warning: could not find /tmp, please create!}]
SQLite 2026-07-24 19:02:57 bf7c7f30031888f4e796e429ab3978879485813aaca6f641c7b33e4e0945alt1
1 errors out of 53 tests on DESKTOP-L5S0ICK MSYS_NT-10.0-28000 64-bit
!Failures on these tests: shell5-1.8
All memory allocations freed - no leaks
Maximum memory usage: 127640 bytes
Current memory usage: 0 bytes
Number of malloc()  : -1 calls
